2025-10-25 22:58:26,787 - INFO - Database tables created successfully
2025-10-25 22:58:26,788 - INFO - RS EOD Data Fetcher initialized with 499 stocks
2025-10-25 22:58:26,789 - INFO - Database path: D:\WealthAI1\wealthai-backend2\Strategies\rsStrategy\nifty500_data_with_metadata.sqlite
2025-10-25 22:58:26,811 - INFO - Cleared existing data for 10 dates
2025-10-25 22:58:26,812 - INFO - Fetching data for 2025-10-06 (Monday)
2025-10-25 22:58:26,813 - INFO - Starting to fetch data for 499 stocks...
2025-10-25 22:58:44,727 - INFO - Progress: 50/499 stocks processed
2025-10-25 22:58:59,781 - INFO - Progress: 100/499 stocks processed
2025-10-25 22:59:15,957 - INFO - Progress: 150/499 stocks processed
2025-10-25 22:59:31,099 - INFO - Progress: 200/499 stocks processed
2025-10-25 22:59:46,459 - INFO - Progress: 250/499 stocks processed
2025-10-25 23:00:01,736 - INFO - Progress: 300/499 stocks processed
2025-10-25 23:00:17,346 - INFO - Progress: 350/499 stocks processed
2025-10-25 23:00:32,571 - INFO - Progress: 400/499 stocks processed
2025-10-25 23:00:48,669 - INFO - Progress: 450/499 stocks processed
2025-10-25 23:01:04,794 - ERROR - HTTP Error 404: {"quoteSummary":{"result":null,"error":{"code":"Not Found","description":"Quote not found for symbol: ZYDUSLIF.NS"}}}
2025-10-25 23:01:05,122 - ERROR - $ZYDUSLIF.NS: possibly delisted; no timezone found
2025-10-25 23:01:05,124 - WARNING - FAILED ZYDUSLIF: No data available
2025-10-25 23:01:05,406 - INFO - SUCCESS Nifty 50: 25077.65
2025-10-25 23:01:05,406 - INFO - Date 2025-10-06 completed:
2025-10-25 23:01:05,407 - INFO -   - Successfully fetched: 498 stocks
2025-10-25 23:01:05,407 - INFO -   - Failed to fetch: 1 stocks
2025-10-25 23:01:05,407 - INFO -   - Success rate: 99.8%
2025-10-25 23:01:15,409 - INFO - Fetching data for 2025-10-07 (Tuesday)
2025-10-25 23:01:15,409 - INFO - Starting to fetch data for 499 stocks...
2025-10-25 23:01:31,145 - INFO - Progress: 50/499 stocks processed
2025-10-25 23:01:48,709 - INFO - Progress: 100/499 stocks processed
2025-10-25 23:02:05,417 - INFO - Progress: 150/499 stocks processed
2025-10-25 23:02:23,119 - INFO - Progress: 200/499 stocks processed
2025-10-25 23:02:40,561 - INFO - Progress: 250/499 stocks processed
2025-10-25 23:02:56,952 - INFO - Progress: 300/499 stocks processed
2025-10-25 23:03:13,639 - INFO - Progress: 350/499 stocks processed
2025-10-25 23:03:31,173 - INFO - Progress: 400/499 stocks processed
2025-10-25 23:03:47,407 - INFO - Progress: 450/499 stocks processed
2025-10-25 23:04:04,787 - ERROR - HTTP Error 404: {"quoteSummary":{"result":null,"error":{"code":"Not Found","description":"Quote not found for symbol: ZYDUSLIF.NS"}}}
2025-10-25 23:04:05,068 - ERROR - $ZYDUSLIF.NS: possibly delisted; no timezone found
2025-10-25 23:04:05,069 - WARNING - FAILED ZYDUSLIF: No data available
2025-10-25 23:04:05,365 - INFO - SUCCESS Nifty 50: 25108.30
2025-10-25 23:04:05,365 - INFO - Date 2025-10-07 completed:
2025-10-25 23:04:05,366 - INFO -   - Successfully fetched: 498 stocks
2025-10-25 23:04:05,366 - INFO -   - Failed to fetch: 1 stocks
2025-10-25 23:04:05,366 - INFO -   - Success rate: 99.8%
2025-10-25 23:04:15,370 - INFO - Fetching data for 2025-10-08 (Wednesday)
2025-10-25 23:04:15,371 - INFO - Starting to fetch data for 499 stocks...
2025-10-25 23:04:30,843 - INFO - Progress: 50/499 stocks processed
2025-10-25 23:04:47,438 - INFO - Progress: 100/499 stocks processed
2025-10-25 23:05:03,315 - INFO - Progress: 150/499 stocks processed
2025-10-25 23:05:19,481 - INFO - Progress: 200/499 stocks processed
2025-10-25 23:05:34,559 - INFO - Progress: 250/499 stocks processed
2025-10-25 23:05:50,334 - INFO - Progress: 300/499 stocks processed
2025-10-25 23:06:06,092 - INFO - Progress: 350/499 stocks processed
2025-10-25 23:06:21,998 - INFO - Progress: 400/499 stocks processed
2025-10-25 23:06:37,831 - INFO - Progress: 450/499 stocks processed
2025-10-25 23:06:54,290 - ERROR - $ZYDUSLIF.NS: possibly delisted; no timezone found
2025-10-25 23:06:54,291 - WARNING - FAILED ZYDUSLIF: No data available
2025-10-25 23:06:54,595 - INFO - SUCCESS Nifty 50: 25046.15
2025-10-25 23:06:54,595 - INFO - Date 2025-10-08 completed:
2025-10-25 23:06:54,596 - INFO -   - Successfully fetched: 498 stocks
2025-10-25 23:06:54,596 - INFO -   - Failed to fetch: 1 stocks
2025-10-25 23:06:54,596 - INFO -   - Success rate: 99.8%
2025-10-25 23:07:04,598 - INFO - Fetching data for 2025-10-09 (Thursday)
2025-10-25 23:07:04,598 - INFO - Starting to fetch data for 499 stocks...
2025-10-25 23:07:20,582 - INFO - Progress: 50/499 stocks processed
2025-10-25 23:07:37,409 - INFO - Progress: 100/499 stocks processed
2025-10-25 23:07:54,181 - INFO - Progress: 150/499 stocks processed
2025-10-25 23:08:10,351 - INFO - Progress: 200/499 stocks processed
2025-10-25 23:08:26,508 - INFO - Progress: 250/499 stocks processed
2025-10-25 23:08:41,481 - INFO - Progress: 300/499 stocks processed
2025-10-25 23:09:02,794 - INFO - Progress: 350/499 stocks processed
2025-10-25 23:09:21,027 - INFO - Progress: 400/499 stocks processed
2025-10-25 23:09:38,980 - INFO - Progress: 450/499 stocks processed
2025-10-25 23:09:57,621 - ERROR - $ZYDUSLIF.NS: possibly delisted; no timezone found
2025-10-25 23:09:57,622 - WARNING - FAILED ZYDUSLIF: No data available
2025-10-25 23:09:57,921 - INFO - SUCCESS Nifty 50: 25181.80
2025-10-25 23:09:57,922 - INFO - Date 2025-10-09 completed:
2025-10-25 23:09:57,922 - INFO -   - Successfully fetched: 498 stocks
2025-10-25 23:09:57,924 - INFO -   - Failed to fetch: 1 stocks
2025-10-25 23:09:57,924 - INFO -   - Success rate: 99.8%
2025-10-25 23:10:07,925 - INFO - Fetching data for 2025-10-10 (Friday)
2025-10-25 23:10:07,925 - INFO - Starting to fetch data for 499 stocks...
2025-10-25 23:10:25,232 - INFO - Progress: 50/499 stocks processed
2025-10-25 23:10:43,426 - INFO - Progress: 100/499 stocks processed
2025-10-25 23:11:02,410 - INFO - Progress: 150/499 stocks processed
2025-10-25 23:11:22,646 - INFO - Progress: 200/499 stocks processed
2025-10-25 23:11:40,358 - INFO - Progress: 250/499 stocks processed
2025-10-25 23:11:56,307 - INFO - Progress: 300/499 stocks processed
2025-10-25 23:12:14,671 - INFO - Progress: 350/499 stocks processed
2025-10-25 23:12:33,347 - INFO - Progress: 400/499 stocks processed
2025-10-25 23:12:51,428 - INFO - Progress: 450/499 stocks processed
2025-10-25 23:13:08,759 - ERROR - $ZYDUSLIF.NS: possibly delisted; no timezone found
2025-10-25 23:13:08,761 - WARNING - FAILED ZYDUSLIF: No data available
2025-10-25 23:13:09,111 - INFO - SUCCESS Nifty 50: 25285.35
2025-10-25 23:13:09,112 - INFO - Date 2025-10-10 completed:
2025-10-25 23:13:09,113 - INFO -   - Successfully fetched: 498 stocks
2025-10-25 23:13:09,113 - INFO -   - Failed to fetch: 1 stocks
2025-10-25 23:13:09,116 - INFO -   - Success rate: 99.8%
2025-10-25 23:13:19,118 - INFO - Fetching data for 2025-10-13 (Monday)
2025-10-25 23:13:19,119 - INFO - Starting to fetch data for 499 stocks...
2025-10-25 23:13:35,270 - INFO - Progress: 50/499 stocks processed
2025-10-25 23:13:52,049 - INFO - Progress: 100/499 stocks processed
2025-10-25 23:14:11,221 - INFO - Progress: 150/499 stocks processed
2025-10-25 23:14:28,003 - INFO - Progress: 200/499 stocks processed
2025-10-25 23:14:45,647 - INFO - Progress: 250/499 stocks processed
2025-10-25 23:15:02,116 - INFO - Progress: 300/499 stocks processed
2025-10-25 23:15:19,774 - INFO - Progress: 350/499 stocks processed
2025-10-25 23:15:36,594 - INFO - Progress: 400/499 stocks processed
2025-10-25 23:15:54,245 - INFO - Progress: 450/499 stocks processed
2025-10-25 23:16:12,257 - ERROR - $ZYDUSLIF.NS: possibly delisted; no timezone found
2025-10-25 23:16:12,258 - WARNING - FAILED ZYDUSLIF: No data available
2025-10-25 23:16:12,556 - INFO - SUCCESS Nifty 50: 25227.35
2025-10-25 23:16:12,556 - INFO - Date 2025-10-13 completed:
2025-10-25 23:16:12,557 - INFO -   - Successfully fetched: 498 stocks
2025-10-25 23:16:12,563 - INFO -   - Failed to fetch: 1 stocks
2025-10-25 23:16:12,566 - INFO -   - Success rate: 99.8%
2025-10-25 23:16:22,569 - INFO - Fetching data for 2025-10-14 (Tuesday)
2025-10-25 23:16:22,570 - INFO - Starting to fetch data for 499 stocks...
2025-10-25 23:16:40,674 - INFO - Progress: 50/499 stocks processed
2025-10-25 23:16:57,555 - INFO - Progress: 100/499 stocks processed
2025-10-25 23:17:15,148 - INFO - Progress: 150/499 stocks processed
2025-10-25 23:17:34,041 - INFO - Progress: 200/499 stocks processed
2025-10-25 23:17:51,495 - INFO - Progress: 250/499 stocks processed
2025-10-25 23:18:08,425 - INFO - Progress: 300/499 stocks processed
2025-10-25 23:18:25,342 - INFO - Progress: 350/499 stocks processed
2025-10-25 23:18:41,578 - INFO - Progress: 400/499 stocks processed
2025-10-25 23:18:58,562 - INFO - Progress: 450/499 stocks processed
2025-10-25 23:19:16,213 - ERROR - $ZYDUSLIF.NS: possibly delisted; no timezone found
2025-10-25 23:19:16,215 - WARNING - FAILED ZYDUSLIF: No data available
2025-10-25 23:19:16,526 - INFO - SUCCESS Nifty 50: 25145.50
2025-10-25 23:19:16,527 - INFO - Date 2025-10-14 completed:
2025-10-25 23:19:16,527 - INFO -   - Successfully fetched: 498 stocks
2025-10-25 23:19:16,528 - INFO -   - Failed to fetch: 1 stocks
2025-10-25 23:19:16,528 - INFO -   - Success rate: 99.8%
2025-10-25 23:19:26,530 - INFO - Fetching data for 2025-10-15 (Wednesday)
2025-10-25 23:19:26,532 - INFO - Starting to fetch data for 499 stocks...
2025-10-25 23:19:42,861 - INFO - Progress: 50/499 stocks processed
2025-10-25 23:19:59,543 - INFO - Progress: 100/499 stocks processed
2025-10-25 23:20:17,137 - INFO - Progress: 150/499 stocks processed
2025-10-25 23:20:34,115 - INFO - Progress: 200/499 stocks processed
2025-10-25 23:20:51,693 - INFO - Progress: 250/499 stocks processed
2025-10-25 23:21:10,209 - INFO - Progress: 300/499 stocks processed
2025-10-25 23:21:29,014 - INFO - Progress: 350/499 stocks processed
2025-10-25 23:21:46,972 - INFO - Progress: 400/499 stocks processed
2025-10-25 23:22:04,284 - INFO - Progress: 450/499 stocks processed
2025-10-25 23:22:20,869 - ERROR - $ZYDUSLIF.NS: possibly delisted; no timezone found
2025-10-25 23:22:20,871 - WARNING - FAILED ZYDUSLIF: No data available
2025-10-25 23:22:21,169 - INFO - SUCCESS Nifty 50: 25323.55
2025-10-25 23:22:21,169 - INFO - Date 2025-10-15 completed:
2025-10-25 23:22:21,170 - INFO -   - Successfully fetched: 498 stocks
2025-10-25 23:22:21,170 - INFO -   - Failed to fetch: 1 stocks
2025-10-25 23:22:21,171 - INFO -   - Success rate: 99.8%
2025-10-25 23:22:31,172 - INFO - Fetching data for 2025-10-16 (Thursday)
2025-10-25 23:22:31,173 - INFO - Starting to fetch data for 499 stocks...
2025-10-25 23:22:47,893 - INFO - Progress: 50/499 stocks processed
2025-10-25 23:23:04,937 - INFO - Progress: 100/499 stocks processed
2025-10-25 23:23:21,563 - INFO - Progress: 150/499 stocks processed
2025-10-25 23:23:40,156 - INFO - Progress: 200/499 stocks processed
2025-10-25 23:23:55,917 - INFO - Progress: 250/499 stocks processed
2025-10-25 23:24:13,082 - INFO - Progress: 300/499 stocks processed
2025-10-25 23:24:30,172 - INFO - Progress: 350/499 stocks processed
2025-10-25 23:24:46,943 - INFO - Progress: 400/499 stocks processed
2025-10-25 23:25:04,406 - INFO - Progress: 450/499 stocks processed
2025-10-25 23:25:22,672 - ERROR - $ZYDUSLIF.NS: possibly delisted; no timezone found
2025-10-25 23:25:22,674 - WARNING - FAILED ZYDUSLIF: No data available
2025-10-25 23:25:23,002 - INFO - SUCCESS Nifty 50: 25585.30
2025-10-25 23:25:23,004 - INFO - Date 2025-10-16 completed:
2025-10-25 23:25:23,005 - INFO -   - Successfully fetched: 498 stocks
2025-10-25 23:25:23,006 - INFO -   - Failed to fetch: 1 stocks
2025-10-25 23:25:23,007 - INFO -   - Success rate: 99.8%
2025-10-25 23:25:33,009 - INFO - Fetching data for 2025-10-17 (Friday)
2025-10-25 23:25:33,011 - INFO - Starting to fetch data for 499 stocks...
2025-10-25 23:25:50,036 - INFO - Progress: 50/499 stocks processed
2025-10-25 23:26:07,161 - INFO - Progress: 100/499 stocks processed
2025-10-25 23:26:26,095 - INFO - Progress: 150/499 stocks processed
2025-10-25 23:26:40,665 - INFO - Progress: 200/499 stocks processed
2025-10-25 23:26:55,625 - INFO - Progress: 250/499 stocks processed
2025-10-25 23:27:11,599 - INFO - Progress: 300/499 stocks processed
2025-10-25 23:27:27,198 - INFO - Progress: 350/499 stocks processed
2025-10-25 23:27:41,439 - INFO - Progress: 400/499 stocks processed
2025-10-25 23:27:56,391 - INFO - Progress: 450/499 stocks processed
2025-10-25 23:28:11,740 - ERROR - $ZYDUSLIF.NS: possibly delisted; no timezone found
2025-10-25 23:28:11,742 - WARNING - FAILED ZYDUSLIF: No data available
2025-10-25 23:28:12,020 - INFO - SUCCESS Nifty 50: 25709.85
2025-10-25 23:28:12,020 - INFO - Date 2025-10-17 completed:
2025-10-25 23:28:12,021 - INFO -   - Successfully fetched: 498 stocks
2025-10-25 23:28:12,021 - INFO -   - Failed to fetch: 1 stocks
2025-10-25 23:28:12,021 - INFO -   - Success rate: 99.8%
