2025-11-03 04:00:52,144 - WARNING - Could not import signal generators: No module named 'signal_generator'
2025-11-03 04:00:52,146 - INFO - [OK] Successfully imported IndianMarketDataFetcher
2025-11-03 04:00:53,371 - INFO - Initialized Indian Market Data Fetcher
2025-11-03 04:00:53,371 - INFO - ETF symbols: 12
2025-11-03 04:00:53,371 - INFO - Stock symbols: 50
2025-11-03 04:00:53,372 - INFO - Total symbols: 62
2025-11-03 04:00:53,372 - INFO - [OK] Fetcher initialized
2025-11-03 04:00:53,372 - INFO -    Database: C:\Users\Lenovo\Desktop\WealthAI\wealthai-backend2\unified_etf_data.sqlite
2025-11-03 04:00:53,373 - INFO -    ETF symbols: 12
2025-11-03 04:00:53,374 - INFO -    Stock symbols: 50
2025-11-03 04:00:53,374 - INFO -    Total symbols: 62
2025-11-03 04:00:53,374 - INFO - [FETCH] Fetching data for 2025-10-27 (Monday)
2025-11-03 04:00:53,375 - INFO - [FETCH] Fetching data for 62 symbols (ETF + Stock)...
2025-11-03 04:00:59,284 - INFO -    Progress: 20/62 symbols (20 successful, 0 failed)
2025-11-03 04:01:05,200 - INFO -    Progress: 40/62 symbols (40 successful, 0 failed)
2025-11-03 04:01:11,216 - INFO -    Progress: 60/62 symbols (60 successful, 0 failed)
2025-11-03 04:01:11,898 - INFO - [OK] Completed 2025-10-27: 62/62 symbols (100.0%)
2025-11-03 04:01:16,899 - INFO - [FETCH] Fetching data for 2025-10-28 (Tuesday)
2025-11-03 04:01:16,900 - INFO - [FETCH] Fetching data for 62 symbols (ETF + Stock)...
2025-11-03 04:01:21,642 - INFO -    Progress: 20/62 symbols (20 successful, 0 failed)
2025-11-03 04:01:27,548 - INFO -    Progress: 40/62 symbols (40 successful, 0 failed)
2025-11-03 04:01:33,526 - INFO -    Progress: 60/62 symbols (60 successful, 0 failed)
2025-11-03 04:01:34,222 - INFO - [OK] Completed 2025-10-28: 62/62 symbols (100.0%)
