2025-11-01 05:35:30,701 - etf_signal_generator - INFO - Initialized ETF Signal Generator with database: D:\WealthAI1\Wealthai\unified_etf_data.sqlite
2025-11-01 05:35:30,728 - etf_signal_generator - INFO - Database tables created/verified successfully
2025-11-01 05:35:30,732 - etf_signal_generator - ERROR - Error getting running instances: no such table: etf_saved_strategy
2025-11-01 05:35:30,740 - etf_signal_generator - WARNING - No running ETF strategy instances found in etf_saved_strategy table
2025-11-01 05:35:30,760 - stock_signal_generator - INFO - Initialized Stock Signal Generator with database: D:\WealthAI1\Wealthai\unified_etf_data.sqlite
2025-11-01 05:35:30,774 - stock_signal_generator - INFO - Database tables created/verified successfully
2025-11-01 05:35:30,779 - stock_signal_generator - ERROR - Error getting running instances: no such table: stock_saved_strategy
2025-11-01 05:35:30,780 - stock_signal_generator - WARNING - No running stock strategy instances found in stock_saved_strategy table
2025-11-01 05:36:36,617 - etf_signal_generator - INFO - Initialized ETF Signal Generator with database: D:\WealthAI1\Wealthai\wealthai-backend2\unified_etf_data.sqlite
2025-11-01 05:36:36,801 - etf_signal_generator - INFO - Database tables created/verified successfully
2025-11-01 05:36:37,036 - etf_signal_generator - INFO - Found 5 running ETF strategy instance(s)
2025-11-01 05:36:37,037 - etf_signal_generator - INFO - Generating signals for instance: ETFs Rotation Strategy (run_id: run_etfs_rotation_strategy_2025-10-23_1761241900858, user_id: mohitsharma7258@gmail.com)
2025-11-01 05:36:37,050 - etf_signal_generator - INFO - Processing 3 ETFs for instance run_etfs_rotation_strategy_2025-10-23_1761241900858
2025-11-01 05:36:37,619 - etf_signal_generator - INFO - BUY signal: BANKBEES - Score: 78.99, Distance from low: 21.01%
2025-11-01 05:36:37,633 - etf_signal_generator - INFO - BUY signal: JUNIORBEES - Score: 78.10, Distance from low: 21.90%
2025-11-01 05:36:37,682 - etf_signal_generator - INFO - BUY signal: GOLDBEES - Score: 37.48, Distance from low: 62.52%
2025-11-01 05:36:37,745 - etf_signal_generator - INFO - Successfully generated and saved 3 signals for instance run_etfs_rotation_strategy_2025-10-23_1761241900858
2025-11-01 05:36:37,750 - etf_signal_generator - INFO - Generating signals for instance: ETFs Rotation Strategy - 5 ETFs (run_id: run_etfs_rotation_strategy_-_5_etfs_2025-10-24_1761279961141, user_id: mohitsharma7258@gmail.com)
2025-11-01 05:36:37,752 - etf_signal_generator - INFO - Processing 5 ETFs for instance run_etfs_rotation_strategy_-_5_etfs_2025-10-24_1761279961141
2025-11-01 05:36:38,147 - etf_signal_generator - INFO - BUY signal: NIFTYBEES - Score: 82.40, Distance from low: 17.60%
2025-11-01 05:36:38,148 - etf_signal_generator - INFO - BUY signal: BANKBEES - Score: 78.99, Distance from low: 21.01%
2025-11-01 05:36:38,149 - etf_signal_generator - INFO - BUY signal: JUNIORBEES - Score: 78.10, Distance from low: 21.90%
2025-11-01 05:36:38,150 - etf_signal_generator - INFO - BUY signal: CPSEETF - Score: 76.59, Distance from low: 23.41%
2025-11-01 05:36:38,150 - etf_signal_generator - INFO - BUY signal: GOLDBEES - Score: 37.48, Distance from low: 62.52%
2025-11-01 05:36:38,234 - etf_signal_generator - INFO - Successfully generated and saved 5 signals for instance run_etfs_rotation_strategy_-_5_etfs_2025-10-24_1761279961141
2025-11-01 05:36:38,235 - etf_signal_generator - INFO - Generating signals for instance: RACHIT (run_id: run_rachit_2025-10-25_1761418460173, user_id: rachit.gour749@gmail.com)
2025-11-01 05:36:38,237 - etf_signal_generator - INFO - Processing 5 ETFs for instance run_rachit_2025-10-25_1761418460173
2025-11-01 05:36:38,557 - etf_signal_generator - INFO - BUY signal: NIFTYBEES - Score: 82.40, Distance from low: 17.60%
2025-11-01 05:36:38,560 - etf_signal_generator - INFO - BUY signal: BANKBEES - Score: 78.99, Distance from low: 21.01%
2025-11-01 05:36:38,563 - etf_signal_generator - INFO - BUY signal: JUNIORBEES - Score: 78.10, Distance from low: 21.90%
2025-11-01 05:36:38,564 - etf_signal_generator - INFO - BUY signal: MON100 - Score: 51.96, Distance from low: 48.04%
2025-11-01 05:36:38,566 - etf_signal_generator - INFO - BUY signal: GOLDBEES - Score: 37.48, Distance from low: 62.52%
2025-11-01 05:36:38,646 - etf_signal_generator - INFO - Successfully generated and saved 5 signals for instance run_rachit_2025-10-25_1761418460173
2025-11-01 05:36:38,647 - etf_signal_generator - INFO - Generating signals for instance: ETFs Rotation Strategy - 2 ETFs (run_id: run_etfs_rotation_strategy_-_2_etfs_2025-10-31_1761886629586, user_id: rachit.gour749@gmail.com)
2025-11-01 05:36:38,649 - etf_signal_generator - INFO - Processing 2 ETFs for instance run_etfs_rotation_strategy_-_2_etfs_2025-10-31_1761886629586
2025-11-01 05:36:39,005 - etf_signal_generator - INFO - BUY signal: NIFTYBEES - Score: 82.40, Distance from low: 17.60%
2025-11-01 05:36:39,008 - etf_signal_generator - INFO - BUY signal: BANKBEES - Score: 78.99, Distance from low: 21.01%
2025-11-01 05:36:39,070 - etf_signal_generator - INFO - Successfully generated and saved 2 signals for instance run_etfs_rotation_strategy_-_2_etfs_2025-10-31_1761886629586
2025-11-01 05:36:39,080 - etf_signal_generator - INFO - Generating signals for instance: Test ETF Strategy (run_id: test_etf_e2986764, user_id: test_user)
2025-11-01 05:36:39,081 - etf_signal_generator - INFO - Processing 6 ETFs for instance test_etf_e2986764
2025-11-01 05:36:39,092 - etf_signal_generator - ERROR - Error generating signals for instance test_etf_e2986764: No data available for signal generation
2025-11-01 05:36:39,098 - etf_signal_generator - ERROR - Traceback (most recent call last):
  File "D:\WealthAI1\Wealthai\wealthai-backend2\Strategies\etfstrategy\etf_signal_generator.py", line 256, in generate_signals_for_instance
    raise ValueError("No data available for signal generation")
ValueError: No data available for signal generation

2025-11-01 05:36:39,115 - stock_signal_generator - INFO - Initialized Stock Signal Generator with database: D:\WealthAI1\Wealthai\wealthai-backend2\unified_etf_data.sqlite
2025-11-01 05:36:39,350 - stock_signal_generator - INFO - Database tables created/verified successfully
2025-11-01 05:36:39,442 - stock_signal_generator - INFO - Found 3 running stock strategy instance(s)
2025-11-01 05:36:39,448 - stock_signal_generator - INFO - Generating signals for instance: Stock Rotation Strategy - 10 stocks (run_id: run_stock_rotation_strategy_-_10_stocks_2025-10-24_1761315589780, user_id: wealthwisersfinancialservices@gmail.com)
2025-11-01 05:36:39,449 - stock_signal_generator - INFO - Processing 10 stocks for instance run_stock_rotation_strategy_-_10_stocks_2025-10-24_1761315589780
2025-11-01 05:36:39,966 - stock_signal_generator - INFO - BUY signal: INFY - Score: 96.43, Distance from low: 3.57%
2025-11-01 05:36:39,972 - stock_signal_generator - INFO - BUY signal: HDFCBANK - Score: 94.68, Distance from low: 5.32%
2025-11-01 05:36:39,980 - stock_signal_generator - INFO - BUY signal: ITC - Score: 94.44, Distance from low: 5.56%
2025-11-01 05:36:39,981 - stock_signal_generator - INFO - BUY signal: TCS - Score: 93.95, Distance from low: 6.05%
2025-11-01 05:36:39,982 - stock_signal_generator - INFO - BUY signal: ICICIBANK - Score: 84.82, Distance from low: 15.18%
2025-11-01 05:36:39,999 - stock_signal_generator - ERROR - Error saving signals: table live_stock_signals has no column named strategy_version
2025-11-01 05:36:40,000 - stock_signal_generator - ERROR - Error generating signals for instance run_stock_rotation_strategy_-_10_stocks_2025-10-24_1761315589780: table live_stock_signals has no column named strategy_version
2025-11-01 05:36:40,014 - stock_signal_generator - ERROR - Traceback (most recent call last):
  File "D:\WealthAI1\Wealthai\wealthai-backend2\Strategies\stockstrategy\stock_signal_generator.py", line 330, in generate_signals_for_instance
    self.save_signals(signals)
  File "D:\WealthAI1\Wealthai\wealthai-backend2\Strategies\stockstrategy\stock_signal_generator.py", line 443, in save_signals
    cursor.execute('''
sqlite3.OperationalError: table live_stock_signals has no column named strategy_version

2025-11-01 05:36:40,015 - stock_signal_generator - INFO - Generating signals for instance: RACHIT (run_id: run_rachit_2025-10-25_1761418034941, user_id: rachit.gour749@gmail.com)
2025-11-01 05:36:40,015 - stock_signal_generator - INFO - Processing 10 stocks for instance run_rachit_2025-10-25_1761418034941
2025-11-01 05:36:40,152 - stock_signal_generator - INFO - BUY signal: INFY - Score: 96.43, Distance from low: 3.57%
2025-11-01 05:36:40,155 - stock_signal_generator - INFO - BUY signal: HDFCBANK - Score: 94.68, Distance from low: 5.32%
2025-11-01 05:36:40,166 - stock_signal_generator - INFO - BUY signal: ITC - Score: 94.44, Distance from low: 5.56%
2025-11-01 05:36:40,170 - stock_signal_generator - INFO - BUY signal: TCS - Score: 93.95, Distance from low: 6.05%
2025-11-01 05:36:40,177 - stock_signal_generator - INFO - BUY signal: ICICIBANK - Score: 84.82, Distance from low: 15.18%
2025-11-01 05:36:40,181 - stock_signal_generator - ERROR - Error saving signals: table live_stock_signals has no column named strategy_version
2025-11-01 05:36:40,183 - stock_signal_generator - ERROR - Error generating signals for instance run_rachit_2025-10-25_1761418034941: table live_stock_signals has no column named strategy_version
2025-11-01 05:36:40,195 - stock_signal_generator - ERROR - Traceback (most recent call last):
  File "D:\WealthAI1\Wealthai\wealthai-backend2\Strategies\stockstrategy\stock_signal_generator.py", line 330, in generate_signals_for_instance
    self.save_signals(signals)
  File "D:\WealthAI1\Wealthai\wealthai-backend2\Strategies\stockstrategy\stock_signal_generator.py", line 443, in save_signals
    cursor.execute('''
sqlite3.OperationalError: table live_stock_signals has no column named strategy_version

2025-11-01 05:36:40,198 - stock_signal_generator - INFO - Generating signals for instance: Test STOCK Strategy (run_id: test_stock_e34837d1, user_id: test_user)
2025-11-01 05:36:40,198 - stock_signal_generator - INFO - Processing 5 stocks for instance test_stock_e34837d1
2025-11-01 05:36:40,206 - stock_signal_generator - ERROR - Error generating signals for instance test_stock_e34837d1: No data available for signal generation
2025-11-01 05:36:40,210 - stock_signal_generator - ERROR - Traceback (most recent call last):
  File "D:\WealthAI1\Wealthai\wealthai-backend2\Strategies\stockstrategy\stock_signal_generator.py", line 254, in generate_signals_for_instance
    raise ValueError("No data available for signal generation")
ValueError: No data available for signal generation

2025-11-01 05:37:13,416 - etf_signal_generator - INFO - Initialized ETF Signal Generator with database: D:\WealthAI1\Wealthai\wealthai-backend2\unified_etf_data.sqlite
2025-11-01 05:37:13,552 - etf_signal_generator - INFO - Database tables created/verified successfully
2025-11-01 05:37:13,589 - etf_signal_generator - INFO - Found 6 running ETF strategy instance(s)
2025-11-01 05:37:13,599 - etf_signal_generator - INFO - Generating signals for instance: ETFs Rotation Strategy (run_id: run_etfs_rotation_strategy_2025-10-23_1761241900858, user_id: mohitsharma7258@gmail.com)
2025-11-01 05:37:13,612 - etf_signal_generator - INFO - Processing 3 ETFs for instance run_etfs_rotation_strategy_2025-10-23_1761241900858
2025-11-01 05:37:14,496 - etf_signal_generator - INFO - BUY signal: BANKBEES - Score: 78.99, Distance from low: 21.01%
2025-11-01 05:37:14,499 - etf_signal_generator - INFO - BUY signal: JUNIORBEES - Score: 78.10, Distance from low: 21.90%
2025-11-01 05:37:14,502 - etf_signal_generator - INFO - BUY signal: GOLDBEES - Score: 37.48, Distance from low: 62.52%
2025-11-01 05:37:14,532 - etf_signal_generator - INFO - Successfully generated and saved 3 signals for instance run_etfs_rotation_strategy_2025-10-23_1761241900858
2025-11-01 05:37:14,542 - etf_signal_generator - INFO - Generating signals for instance: ETFs Rotation Strategy - 5 ETFs (run_id: run_etfs_rotation_strategy_-_5_etfs_2025-10-24_1761279961141, user_id: mohitsharma7258@gmail.com)
2025-11-01 05:37:14,547 - etf_signal_generator - INFO - Processing 5 ETFs for instance run_etfs_rotation_strategy_-_5_etfs_2025-10-24_1761279961141
2025-11-01 05:37:15,117 - etf_signal_generator - INFO - BUY signal: NIFTYBEES - Score: 82.40, Distance from low: 17.60%
2025-11-01 05:37:15,123 - etf_signal_generator - INFO - BUY signal: BANKBEES - Score: 78.99, Distance from low: 21.01%
2025-11-01 05:37:15,130 - etf_signal_generator - INFO - BUY signal: JUNIORBEES - Score: 78.10, Distance from low: 21.90%
2025-11-01 05:37:15,131 - etf_signal_generator - INFO - BUY signal: CPSEETF - Score: 76.59, Distance from low: 23.41%
2025-11-01 05:37:15,132 - etf_signal_generator - INFO - BUY signal: GOLDBEES - Score: 37.48, Distance from low: 62.52%
2025-11-01 05:37:15,214 - etf_signal_generator - INFO - Successfully generated and saved 5 signals for instance run_etfs_rotation_strategy_-_5_etfs_2025-10-24_1761279961141
2025-11-01 05:37:15,215 - etf_signal_generator - INFO - Generating signals for instance: RACHIT (run_id: run_rachit_2025-10-25_1761418460173, user_id: rachit.gour749@gmail.com)
2025-11-01 05:37:15,216 - etf_signal_generator - INFO - Processing 5 ETFs for instance run_rachit_2025-10-25_1761418460173
2025-11-01 05:37:15,525 - etf_signal_generator - INFO - BUY signal: NIFTYBEES - Score: 82.40, Distance from low: 17.60%
2025-11-01 05:37:15,528 - etf_signal_generator - INFO - BUY signal: BANKBEES - Score: 78.99, Distance from low: 21.01%
2025-11-01 05:37:15,530 - etf_signal_generator - INFO - BUY signal: JUNIORBEES - Score: 78.10, Distance from low: 21.90%
2025-11-01 05:37:15,531 - etf_signal_generator - INFO - BUY signal: MON100 - Score: 51.96, Distance from low: 48.04%
2025-11-01 05:37:15,532 - etf_signal_generator - INFO - BUY signal: GOLDBEES - Score: 37.48, Distance from low: 62.52%
2025-11-01 05:37:15,599 - etf_signal_generator - INFO - Successfully generated and saved 5 signals for instance run_rachit_2025-10-25_1761418460173
2025-11-01 05:37:15,601 - etf_signal_generator - INFO - Generating signals for instance: ETFs Rotation Strategy - 2 ETFs (run_id: run_etfs_rotation_strategy_-_2_etfs_2025-10-31_1761886629586, user_id: rachit.gour749@gmail.com)
2025-11-01 05:37:15,603 - etf_signal_generator - INFO - Processing 2 ETFs for instance run_etfs_rotation_strategy_-_2_etfs_2025-10-31_1761886629586
2025-11-01 05:37:15,878 - etf_signal_generator - INFO - BUY signal: NIFTYBEES - Score: 82.40, Distance from low: 17.60%
2025-11-01 05:37:15,880 - etf_signal_generator - INFO - BUY signal: BANKBEES - Score: 78.99, Distance from low: 21.01%
2025-11-01 05:37:15,953 - etf_signal_generator - INFO - Successfully generated and saved 2 signals for instance run_etfs_rotation_strategy_-_2_etfs_2025-10-31_1761886629586
2025-11-01 05:37:15,959 - etf_signal_generator - INFO - Generating signals for instance: Test ETF Strategy (run_id: test_etf_e2986764, user_id: test_user)
2025-11-01 05:37:15,962 - etf_signal_generator - INFO - Processing 6 ETFs for instance test_etf_e2986764
2025-11-01 05:37:15,978 - etf_signal_generator - ERROR - Error generating signals for instance test_etf_e2986764: No data available for signal generation
2025-11-01 05:37:15,982 - etf_signal_generator - ERROR - Traceback (most recent call last):
  File "D:\WealthAI1\Wealthai\wealthai-backend2\Strategies\etfstrategy\etf_signal_generator.py", line 256, in generate_signals_for_instance
    raise ValueError("No data available for signal generation")
ValueError: No data available for signal generation

2025-11-01 05:37:15,989 - etf_signal_generator - INFO - Generating signals for instance: Test ETF Strategy (run_id: test_etf_0cc01dad, user_id: test_user)
2025-11-01 05:37:15,995 - etf_signal_generator - INFO - Processing 6 ETFs for instance test_etf_0cc01dad
2025-11-01 05:37:15,999 - etf_signal_generator - ERROR - Error generating signals for instance test_etf_0cc01dad: No data available for signal generation
2025-11-01 05:37:16,004 - etf_signal_generator - ERROR - Traceback (most recent call last):
  File "D:\WealthAI1\Wealthai\wealthai-backend2\Strategies\etfstrategy\etf_signal_generator.py", line 256, in generate_signals_for_instance
    raise ValueError("No data available for signal generation")
ValueError: No data available for signal generation

2025-11-01 05:37:16,031 - stock_signal_generator - INFO - Initialized Stock Signal Generator with database: D:\WealthAI1\Wealthai\wealthai-backend2\unified_etf_data.sqlite
2025-11-01 05:37:16,190 - stock_signal_generator - INFO - Database tables created/verified successfully
2025-11-01 05:37:16,264 - stock_signal_generator - INFO - Found 4 running stock strategy instance(s)
2025-11-01 05:37:16,265 - stock_signal_generator - INFO - Generating signals for instance: Stock Rotation Strategy - 10 stocks (run_id: run_stock_rotation_strategy_-_10_stocks_2025-10-24_1761315589780, user_id: wealthwisersfinancialservices@gmail.com)
2025-11-01 05:37:16,265 - stock_signal_generator - INFO - Processing 10 stocks for instance run_stock_rotation_strategy_-_10_stocks_2025-10-24_1761315589780
2025-11-01 05:37:16,697 - stock_signal_generator - INFO - BUY signal: INFY - Score: 96.43, Distance from low: 3.57%
2025-11-01 05:37:16,702 - stock_signal_generator - INFO - BUY signal: HDFCBANK - Score: 94.68, Distance from low: 5.32%
2025-11-01 05:37:16,708 - stock_signal_generator - INFO - BUY signal: ITC - Score: 94.44, Distance from low: 5.56%
2025-11-01 05:37:16,710 - stock_signal_generator - INFO - BUY signal: TCS - Score: 93.95, Distance from low: 6.05%
2025-11-01 05:37:16,711 - stock_signal_generator - INFO - BUY signal: ICICIBANK - Score: 84.82, Distance from low: 15.18%
2025-11-01 05:37:16,720 - stock_signal_generator - ERROR - Error saving signals: table live_stock_signals has no column named payload_json
2025-11-01 05:37:16,726 - stock_signal_generator - ERROR - Error generating signals for instance run_stock_rotation_strategy_-_10_stocks_2025-10-24_1761315589780: table live_stock_signals has no column named payload_json
2025-11-01 05:37:16,733 - stock_signal_generator - ERROR - Traceback (most recent call last):
  File "D:\WealthAI1\Wealthai\wealthai-backend2\Strategies\stockstrategy\stock_signal_generator.py", line 341, in generate_signals_for_instance
    self.save_signals(signals)
  File "D:\WealthAI1\Wealthai\wealthai-backend2\Strategies\stockstrategy\stock_signal_generator.py", line 454, in save_signals
    cursor.execute('''
sqlite3.OperationalError: table live_stock_signals has no column named payload_json

2025-11-01 05:37:16,739 - stock_signal_generator - INFO - Generating signals for instance: RACHIT (run_id: run_rachit_2025-10-25_1761418034941, user_id: rachit.gour749@gmail.com)
2025-11-01 05:37:16,744 - stock_signal_generator - INFO - Processing 10 stocks for instance run_rachit_2025-10-25_1761418034941
2025-11-01 05:37:16,905 - stock_signal_generator - INFO - BUY signal: INFY - Score: 96.43, Distance from low: 3.57%
2025-11-01 05:37:16,911 - stock_signal_generator - INFO - BUY signal: HDFCBANK - Score: 94.68, Distance from low: 5.32%
2025-11-01 05:37:16,912 - stock_signal_generator - INFO - BUY signal: ITC - Score: 94.44, Distance from low: 5.56%
2025-11-01 05:37:16,913 - stock_signal_generator - INFO - BUY signal: TCS - Score: 93.95, Distance from low: 6.05%
2025-11-01 05:37:16,914 - stock_signal_generator - INFO - BUY signal: ICICIBANK - Score: 84.82, Distance from low: 15.18%
2025-11-01 05:37:16,929 - stock_signal_generator - ERROR - Error saving signals: table live_stock_signals has no column named payload_json
2025-11-01 05:37:16,930 - stock_signal_generator - ERROR - Error generating signals for instance run_rachit_2025-10-25_1761418034941: table live_stock_signals has no column named payload_json
2025-11-01 05:37:16,938 - stock_signal_generator - ERROR - Traceback (most recent call last):
  File "D:\WealthAI1\Wealthai\wealthai-backend2\Strategies\stockstrategy\stock_signal_generator.py", line 341, in generate_signals_for_instance
    self.save_signals(signals)
  File "D:\WealthAI1\Wealthai\wealthai-backend2\Strategies\stockstrategy\stock_signal_generator.py", line 454, in save_signals
    cursor.execute('''
sqlite3.OperationalError: table live_stock_signals has no column named payload_json

2025-11-01 05:37:16,944 - stock_signal_generator - INFO - Generating signals for instance: Test STOCK Strategy (run_id: test_stock_e34837d1, user_id: test_user)
2025-11-01 05:37:16,946 - stock_signal_generator - INFO - Processing 5 stocks for instance test_stock_e34837d1
2025-11-01 05:37:16,957 - stock_signal_generator - ERROR - Error generating signals for instance test_stock_e34837d1: No data available for signal generation
2025-11-01 05:37:16,960 - stock_signal_generator - ERROR - Traceback (most recent call last):
  File "D:\WealthAI1\Wealthai\wealthai-backend2\Strategies\stockstrategy\stock_signal_generator.py", line 265, in generate_signals_for_instance
    raise ValueError("No data available for signal generation")
ValueError: No data available for signal generation

2025-11-01 05:37:16,962 - stock_signal_generator - INFO - Generating signals for instance: Test STOCK Strategy (run_id: test_stock_7b5a2964, user_id: test_user)
2025-11-01 05:37:16,962 - stock_signal_generator - INFO - Processing 5 stocks for instance test_stock_7b5a2964
2025-11-01 05:37:16,975 - stock_signal_generator - ERROR - Error generating signals for instance test_stock_7b5a2964: No data available for signal generation
2025-11-01 05:37:16,979 - stock_signal_generator - ERROR - Traceback (most recent call last):
  File "D:\WealthAI1\Wealthai\wealthai-backend2\Strategies\stockstrategy\stock_signal_generator.py", line 265, in generate_signals_for_instance
    raise ValueError("No data available for signal generation")
ValueError: No data available for signal generation

2025-11-01 05:37:52,366 - etf_signal_generator - INFO - Initialized ETF Signal Generator with database: D:\WealthAI1\Wealthai\wealthai-backend2\unified_etf_data.sqlite
2025-11-01 05:37:52,581 - etf_signal_generator - INFO - Database tables created/verified successfully
2025-11-01 05:37:52,613 - etf_signal_generator - INFO - Found 7 running ETF strategy instance(s)
2025-11-01 05:37:52,618 - etf_signal_generator - INFO - Generating signals for instance: ETFs Rotation Strategy (run_id: run_etfs_rotation_strategy_2025-10-23_1761241900858, user_id: mohitsharma7258@gmail.com)
2025-11-01 05:37:52,631 - etf_signal_generator - INFO - Processing 3 ETFs for instance run_etfs_rotation_strategy_2025-10-23_1761241900858
2025-11-01 05:37:53,079 - etf_signal_generator - INFO - BUY signal: BANKBEES - Score: 78.99, Distance from low: 21.01%
2025-11-01 05:37:53,080 - etf_signal_generator - INFO - BUY signal: JUNIORBEES - Score: 78.10, Distance from low: 21.90%
2025-11-01 05:37:53,088 - etf_signal_generator - INFO - BUY signal: GOLDBEES - Score: 37.48, Distance from low: 62.52%
2025-11-01 05:37:53,117 - etf_signal_generator - INFO - Successfully generated and saved 3 signals for instance run_etfs_rotation_strategy_2025-10-23_1761241900858
2025-11-01 05:37:53,130 - etf_signal_generator - INFO - Generating signals for instance: ETFs Rotation Strategy - 5 ETFs (run_id: run_etfs_rotation_strategy_-_5_etfs_2025-10-24_1761279961141, user_id: mohitsharma7258@gmail.com)
2025-11-01 05:37:53,144 - etf_signal_generator - INFO - Processing 5 ETFs for instance run_etfs_rotation_strategy_-_5_etfs_2025-10-24_1761279961141
2025-11-01 05:37:53,714 - etf_signal_generator - INFO - BUY signal: NIFTYBEES - Score: 82.40, Distance from low: 17.60%
2025-11-01 05:37:53,721 - etf_signal_generator - INFO - BUY signal: BANKBEES - Score: 78.99, Distance from low: 21.01%
2025-11-01 05:37:53,728 - etf_signal_generator - INFO - BUY signal: JUNIORBEES - Score: 78.10, Distance from low: 21.90%
2025-11-01 05:37:53,730 - etf_signal_generator - INFO - BUY signal: CPSEETF - Score: 76.59, Distance from low: 23.41%
2025-11-01 05:37:53,742 - etf_signal_generator - INFO - BUY signal: GOLDBEES - Score: 37.48, Distance from low: 62.52%
2025-11-01 05:37:53,830 - etf_signal_generator - INFO - Successfully generated and saved 5 signals for instance run_etfs_rotation_strategy_-_5_etfs_2025-10-24_1761279961141
2025-11-01 05:37:53,831 - etf_signal_generator - INFO - Generating signals for instance: RACHIT (run_id: run_rachit_2025-10-25_1761418460173, user_id: rachit.gour749@gmail.com)
2025-11-01 05:37:53,840 - etf_signal_generator - INFO - Processing 5 ETFs for instance run_rachit_2025-10-25_1761418460173
2025-11-01 05:37:54,692 - etf_signal_generator - INFO - BUY signal: NIFTYBEES - Score: 82.40, Distance from low: 17.60%
2025-11-01 05:37:54,748 - etf_signal_generator - INFO - BUY signal: BANKBEES - Score: 78.99, Distance from low: 21.01%
2025-11-01 05:37:54,791 - etf_signal_generator - INFO - BUY signal: JUNIORBEES - Score: 78.10, Distance from low: 21.90%
2025-11-01 05:37:54,840 - etf_signal_generator - INFO - BUY signal: MON100 - Score: 51.96, Distance from low: 48.04%
2025-11-01 05:37:54,863 - etf_signal_generator - INFO - BUY signal: GOLDBEES - Score: 37.48, Distance from low: 62.52%
2025-11-01 05:37:55,048 - etf_signal_generator - INFO - Successfully generated and saved 5 signals for instance run_rachit_2025-10-25_1761418460173
2025-11-01 05:37:55,061 - etf_signal_generator - INFO - Generating signals for instance: ETFs Rotation Strategy - 2 ETFs (run_id: run_etfs_rotation_strategy_-_2_etfs_2025-10-31_1761886629586, user_id: rachit.gour749@gmail.com)
2025-11-01 05:37:55,062 - etf_signal_generator - INFO - Processing 2 ETFs for instance run_etfs_rotation_strategy_-_2_etfs_2025-10-31_1761886629586
2025-11-01 05:37:55,829 - etf_signal_generator - INFO - BUY signal: NIFTYBEES - Score: 82.40, Distance from low: 17.60%
2025-11-01 05:37:55,876 - etf_signal_generator - INFO - BUY signal: BANKBEES - Score: 78.99, Distance from low: 21.01%
2025-11-01 05:37:56,142 - etf_signal_generator - INFO - Successfully generated and saved 2 signals for instance run_etfs_rotation_strategy_-_2_etfs_2025-10-31_1761886629586
2025-11-01 05:37:56,145 - etf_signal_generator - INFO - Generating signals for instance: Test ETF Strategy (run_id: test_etf_e2986764, user_id: test_user)
2025-11-01 05:37:56,158 - etf_signal_generator - INFO - Processing 6 ETFs for instance test_etf_e2986764
2025-11-01 05:37:56,245 - etf_signal_generator - ERROR - Error generating signals for instance test_etf_e2986764: No data available for signal generation
2025-11-01 05:37:56,293 - etf_signal_generator - ERROR - Traceback (most recent call last):
  File "D:\WealthAI1\Wealthai\wealthai-backend2\Strategies\etfstrategy\etf_signal_generator.py", line 256, in generate_signals_for_instance
    raise ValueError("No data available for signal generation")
ValueError: No data available for signal generation

2025-11-01 05:37:56,312 - etf_signal_generator - INFO - Generating signals for instance: Test ETF Strategy (run_id: test_etf_0cc01dad, user_id: test_user)
2025-11-01 05:37:56,335 - etf_signal_generator - INFO - Processing 6 ETFs for instance test_etf_0cc01dad
2025-11-01 05:37:56,442 - etf_signal_generator - ERROR - Error generating signals for instance test_etf_0cc01dad: No data available for signal generation
2025-11-01 05:37:56,461 - etf_signal_generator - ERROR - Traceback (most recent call last):
  File "D:\WealthAI1\Wealthai\wealthai-backend2\Strategies\etfstrategy\etf_signal_generator.py", line 256, in generate_signals_for_instance
    raise ValueError("No data available for signal generation")
ValueError: No data available for signal generation

2025-11-01 05:37:56,490 - etf_signal_generator - INFO - Generating signals for instance: Test ETF Strategy (run_id: test_etf_78283742, user_id: test_user)
2025-11-01 05:37:56,543 - etf_signal_generator - INFO - Processing 6 ETFs for instance test_etf_78283742
2025-11-01 05:37:56,611 - etf_signal_generator - ERROR - Error generating signals for instance test_etf_78283742: No data available for signal generation
2025-11-01 05:37:56,626 - etf_signal_generator - ERROR - Traceback (most recent call last):
  File "D:\WealthAI1\Wealthai\wealthai-backend2\Strategies\etfstrategy\etf_signal_generator.py", line 256, in generate_signals_for_instance
    raise ValueError("No data available for signal generation")
ValueError: No data available for signal generation

2025-11-01 05:37:57,287 - stock_signal_generator - INFO - Initialized Stock Signal Generator with database: D:\WealthAI1\Wealthai\wealthai-backend2\unified_etf_data.sqlite
2025-11-01 05:37:57,544 - stock_signal_generator - INFO - Database tables created/verified successfully
2025-11-01 05:37:57,808 - stock_signal_generator - INFO - Found 5 running stock strategy instance(s)
2025-11-01 05:37:57,842 - stock_signal_generator - INFO - Generating signals for instance: Stock Rotation Strategy - 10 stocks (run_id: run_stock_rotation_strategy_-_10_stocks_2025-10-24_1761315589780, user_id: wealthwisersfinancialservices@gmail.com)
2025-11-01 05:37:57,909 - stock_signal_generator - INFO - Processing 10 stocks for instance run_stock_rotation_strategy_-_10_stocks_2025-10-24_1761315589780
2025-11-01 05:37:58,922 - stock_signal_generator - INFO - BUY signal: INFY - Score: 96.43, Distance from low: 3.57%
2025-11-01 05:37:58,929 - stock_signal_generator - INFO - BUY signal: HDFCBANK - Score: 94.68, Distance from low: 5.32%
2025-11-01 05:37:58,951 - stock_signal_generator - INFO - BUY signal: ITC - Score: 94.44, Distance from low: 5.56%
2025-11-01 05:37:58,955 - stock_signal_generator - INFO - BUY signal: TCS - Score: 93.95, Distance from low: 6.05%
2025-11-01 05:37:58,956 - stock_signal_generator - INFO - BUY signal: ICICIBANK - Score: 84.82, Distance from low: 15.18%
2025-11-01 05:37:58,970 - stock_signal_generator - INFO - Successfully generated and saved 5 signals for instance run_stock_rotation_strategy_-_10_stocks_2025-10-24_1761315589780
2025-11-01 05:37:58,973 - stock_signal_generator - INFO - Generating signals for instance: RACHIT (run_id: run_rachit_2025-10-25_1761418034941, user_id: rachit.gour749@gmail.com)
2025-11-01 05:37:58,974 - stock_signal_generator - INFO - Processing 10 stocks for instance run_rachit_2025-10-25_1761418034941
2025-11-01 05:37:59,250 - stock_signal_generator - INFO - BUY signal: INFY - Score: 96.43, Distance from low: 3.57%
2025-11-01 05:37:59,255 - stock_signal_generator - INFO - BUY signal: HDFCBANK - Score: 94.68, Distance from low: 5.32%
2025-11-01 05:37:59,256 - stock_signal_generator - INFO - BUY signal: ITC - Score: 94.44, Distance from low: 5.56%
2025-11-01 05:37:59,257 - stock_signal_generator - INFO - BUY signal: TCS - Score: 93.95, Distance from low: 6.05%
2025-11-01 05:37:59,258 - stock_signal_generator - INFO - BUY signal: ICICIBANK - Score: 84.82, Distance from low: 15.18%
2025-11-01 05:37:59,341 - stock_signal_generator - INFO - Successfully generated and saved 5 signals for instance run_rachit_2025-10-25_1761418034941
2025-11-01 05:37:59,342 - stock_signal_generator - INFO - Generating signals for instance: Test STOCK Strategy (run_id: test_stock_e34837d1, user_id: test_user)
2025-11-01 05:37:59,345 - stock_signal_generator - INFO - Processing 5 stocks for instance test_stock_e34837d1
2025-11-01 05:37:59,372 - stock_signal_generator - ERROR - Error generating signals for instance test_stock_e34837d1: No data available for signal generation
2025-11-01 05:37:59,376 - stock_signal_generator - ERROR - Traceback (most recent call last):
  File "D:\WealthAI1\Wealthai\wealthai-backend2\Strategies\stockstrategy\stock_signal_generator.py", line 270, in generate_signals_for_instance
    raise ValueError("No data available for signal generation")
ValueError: No data available for signal generation

2025-11-01 05:37:59,386 - stock_signal_generator - INFO - Generating signals for instance: Test STOCK Strategy (run_id: test_stock_7b5a2964, user_id: test_user)
2025-11-01 05:37:59,389 - stock_signal_generator - INFO - Processing 5 stocks for instance test_stock_7b5a2964
2025-11-01 05:37:59,398 - stock_signal_generator - ERROR - Error generating signals for instance test_stock_7b5a2964: No data available for signal generation
2025-11-01 05:37:59,402 - stock_signal_generator - ERROR - Traceback (most recent call last):
  File "D:\WealthAI1\Wealthai\wealthai-backend2\Strategies\stockstrategy\stock_signal_generator.py", line 270, in generate_signals_for_instance
    raise ValueError("No data available for signal generation")
ValueError: No data available for signal generation

2025-11-01 05:37:59,406 - stock_signal_generator - INFO - Generating signals for instance: Test STOCK Strategy (run_id: test_stock_694ab38e, user_id: test_user)
2025-11-01 05:37:59,407 - stock_signal_generator - INFO - Processing 5 stocks for instance test_stock_694ab38e
2025-11-01 05:37:59,437 - stock_signal_generator - ERROR - Error generating signals for instance test_stock_694ab38e: No data available for signal generation
2025-11-01 05:37:59,439 - stock_signal_generator - ERROR - Traceback (most recent call last):
  File "D:\WealthAI1\Wealthai\wealthai-backend2\Strategies\stockstrategy\stock_signal_generator.py", line 270, in generate_signals_for_instance
    raise ValueError("No data available for signal generation")
ValueError: No data available for signal generation

2025-11-01 06:05:33,001 - etf_signal_generator - INFO - Initialized ETF Signal Generator with database: D:\WealthAI1\Wealthai\wealthai-backend2\unified_etf_data.sqlite
2025-11-01 06:05:33,120 - etf_signal_generator - INFO - Database tables created/verified successfully
2025-11-01 06:05:33,897 - stock_signal_generator - INFO - Initialized Stock Signal Generator with database: D:\WealthAI1\Wealthai\wealthai-backend2\unified_etf_data.sqlite
2025-11-01 06:05:34,025 - stock_signal_generator - INFO - Database tables created/verified successfully
