2025-10-26 00:33:15,097 - INFO - FETCHING RS DATA FOR OCTOBER 24, 2025
2025-10-26 00:33:15,098 - INFO - ============================================================
2025-10-26 00:33:15,098 - INFO - Target Date: 2025-10-24 (Friday)
2025-10-26 00:33:15,098 - INFO - Current Time: 2025-10-26 00:33:15
2025-10-26 00:33:15,100 - INFO - ============================================================
2025-10-26 00:33:17,035 - INFO - Database tables created successfully
2025-10-26 00:33:17,043 - INFO - RS EOD Data Fetcher initialized with 499 stocks
2025-10-26 00:33:17,045 - INFO - Database path: D:\WealthAI1\wealthai-backend2\Strategies\rsStrategy\nifty500_data_with_metadata.sqlite
2025-10-26 00:33:17,046 - INFO - Fetching data from 2025-10-19 to 2025-10-26
2025-10-26 00:33:17,048 - INFO - Testing with 10 stocks...
2025-10-26 00:33:21,597 - INFO - SUCCESS 360ONE: 1185.70
2025-10-26 00:33:21,864 - INFO - SUCCESS 3MINDIA: 29735.00
2025-10-26 00:33:22,120 - INFO - SUCCESS AADHARHFC: 522.60
2025-10-26 00:33:22,439 - INFO - SUCCESS AARTIIND: 381.70
2025-10-26 00:33:22,703 - INFO - SUCCESS AAVAS: 1688.00
2025-10-26 00:33:23,001 - INFO - SUCCESS ABB: 5181.00
2025-10-26 00:33:23,297 - INFO - SUCCESS ABBOTINDIA: 29930.00
2025-10-26 00:33:23,573 - INFO - SUCCESS ABCAPITAL: 306.15
2025-10-26 00:33:23,824 - INFO - SUCCESS ABFRL: 81.93
2025-10-26 00:33:24,124 - INFO - SUCCESS ABREL: 1682.40
2025-10-26 00:33:24,396 - INFO - SUCCESS Nifty 50: 25795.15
2025-10-26 00:33:24,397 - INFO - ============================================================
2025-10-26 00:33:24,399 - INFO - FETCH SUMMARY
2025-10-26 00:33:24,401 - INFO - ============================================================
2025-10-26 00:33:24,401 - INFO - Successfully fetched: 10 stocks
2025-10-26 00:33:24,402 - INFO - Failed to fetch: 0 stocks
2025-10-26 00:33:24,402 - INFO - Total processed: 10 stocks
2025-10-26 00:33:24,402 - INFO - SUCCESS: Data fetched for October 24, 2025!
2025-10-26 00:33:24,403 - INFO - ============================================================
