2025-10-25 22:47:22,074 - INFO - Database tables created successfully
2025-10-25 22:47:22,076 - INFO - RS EOD Data Fetcher initialized with 499 stocks
2025-10-25 22:47:22,078 - INFO - Database path: D:\WealthAI1\wealthai-backend2\Strategies\rsStrategy\nifty500_data_with_metadata.sqlite
2025-10-25 22:48:40,230 - INFO - Database tables created successfully
2025-10-25 22:48:40,231 - INFO - RS EOD Data Fetcher initialized with 499 stocks
2025-10-25 22:48:40,235 - INFO - Database path: D:\WealthAI1\wealthai-backend2\Strategies\rsStrategy\nifty500_data_with_metadata.sqlite
2025-10-25 22:48:40,238 - INFO - Fetching data for 2025-10-06 (Monday)
2025-10-25 22:48:40,244 - INFO - Existing data - Stocks: 0, Index: 0
2025-10-25 22:48:40,245 - INFO - Fetching historical data for 2025-10-06
2025-10-25 22:48:40,245 - ERROR - ERROR: Error fetching data for 2025-10-06: 'RSEODDataFetcher' object has no attribute 'get_nifty500_symbols'
2025-10-25 22:48:45,247 - INFO - Fetching data for 2025-10-07 (Tuesday)
2025-10-25 22:48:45,250 - INFO - Existing data - Stocks: 0, Index: 0
2025-10-25 22:48:45,250 - INFO - Fetching historical data for 2025-10-07
2025-10-25 22:48:45,251 - ERROR - ERROR: Error fetching data for 2025-10-07: 'RSEODDataFetcher' object has no attribute 'get_nifty500_symbols'
2025-10-25 22:48:50,251 - INFO - Fetching data for 2025-10-08 (Wednesday)
2025-10-25 22:48:50,256 - INFO - Existing data - Stocks: 0, Index: 0
2025-10-25 22:48:50,259 - INFO - Fetching historical data for 2025-10-08
2025-10-25 22:48:50,261 - ERROR - ERROR: Error fetching data for 2025-10-08: 'RSEODDataFetcher' object has no attribute 'get_nifty500_symbols'
2025-10-25 22:48:55,261 - INFO - Fetching data for 2025-10-09 (Thursday)
2025-10-25 22:48:55,264 - INFO - Existing data - Stocks: 0, Index: 0
2025-10-25 22:48:55,264 - INFO - Fetching historical data for 2025-10-09
2025-10-25 22:48:55,264 - ERROR - ERROR: Error fetching data for 2025-10-09: 'RSEODDataFetcher' object has no attribute 'get_nifty500_symbols'
2025-10-25 22:49:00,265 - INFO - Fetching data for 2025-10-10 (Friday)
2025-10-25 22:49:00,268 - INFO - Existing data - Stocks: 0, Index: 0
2025-10-25 22:49:00,270 - INFO - Fetching historical data for 2025-10-10
2025-10-25 22:49:00,270 - ERROR - ERROR: Error fetching data for 2025-10-10: 'RSEODDataFetcher' object has no attribute 'get_nifty500_symbols'
2025-10-25 22:49:05,271 - INFO - Fetching data for 2025-10-13 (Monday)
2025-10-25 22:49:05,273 - INFO - Existing data - Stocks: 0, Index: 0
2025-10-25 22:49:05,274 - INFO - Fetching historical data for 2025-10-13
2025-10-25 22:49:05,278 - ERROR - ERROR: Error fetching data for 2025-10-13: 'RSEODDataFetcher' object has no attribute 'get_nifty500_symbols'
2025-10-25 22:49:10,278 - INFO - Fetching data for 2025-10-14 (Tuesday)
2025-10-25 22:49:10,280 - INFO - Existing data - Stocks: 0, Index: 0
2025-10-25 22:49:10,281 - INFO - Fetching historical data for 2025-10-14
2025-10-25 22:49:10,281 - ERROR - ERROR: Error fetching data for 2025-10-14: 'RSEODDataFetcher' object has no attribute 'get_nifty500_symbols'
2025-10-25 22:49:15,283 - INFO - Fetching data for 2025-10-15 (Wednesday)
2025-10-25 22:49:15,288 - INFO - Existing data - Stocks: 0, Index: 0
2025-10-25 22:49:15,288 - INFO - Fetching historical data for 2025-10-15
2025-10-25 22:49:15,288 - ERROR - ERROR: Error fetching data for 2025-10-15: 'RSEODDataFetcher' object has no attribute 'get_nifty500_symbols'
2025-10-25 22:49:20,289 - INFO - Fetching data for 2025-10-16 (Thursday)
2025-10-25 22:49:20,291 - INFO - Existing data - Stocks: 0, Index: 0
2025-10-25 22:49:20,291 - INFO - Fetching historical data for 2025-10-16
2025-10-25 22:49:20,291 - ERROR - ERROR: Error fetching data for 2025-10-16: 'RSEODDataFetcher' object has no attribute 'get_nifty500_symbols'
2025-10-25 22:49:25,293 - INFO - Fetching data for 2025-10-17 (Friday)
2025-10-25 22:49:25,295 - INFO - Existing data - Stocks: 0, Index: 0
2025-10-25 22:49:25,295 - INFO - Fetching historical data for 2025-10-17
2025-10-25 22:49:25,295 - ERROR - ERROR: Error fetching data for 2025-10-17: 'RSEODDataFetcher' object has no attribute 'get_nifty500_symbols'
2025-10-25 22:50:59,228 - INFO - Database tables created successfully
2025-10-25 22:50:59,229 - INFO - RS EOD Data Fetcher initialized with 499 stocks
2025-10-25 22:50:59,229 - INFO - Database path: D:\WealthAI1\wealthai-backend2\Strategies\rsStrategy\nifty500_data_with_metadata.sqlite
2025-10-25 22:50:59,231 - INFO - Fetching data for 2025-10-06 (Monday)
2025-10-25 22:50:59,236 - INFO - Existing data - Stocks: 0, Index: 0
2025-10-25 22:50:59,237 - INFO - Fetching historical data for 2025-10-06
2025-10-25 22:51:10,621 - INFO - SUCCESS 360ONE: 1062.40
2025-10-25 22:51:10,911 - INFO - SUCCESS 3MINDIA: 29325.00
2025-10-25 22:51:11,504 - INFO - SUCCESS AADHARHFC: 517.80
2025-10-25 22:51:11,829 - INFO - SUCCESS AARTIIND: 377.45
2025-10-25 22:51:12,095 - INFO - SUCCESS AAVAS: 1671.80
2025-10-25 22:51:12,392 - INFO - SUCCESS ABB: 5218.00
2025-10-25 22:51:12,681 - INFO - SUCCESS ABBOTINDIA: 30020.00
2025-10-25 22:51:12,975 - INFO - SUCCESS ABCAPITAL: 304.05
2025-10-25 22:51:13,233 - INFO - SUCCESS ABFRL: 86.24
2025-10-25 22:51:13,540 - INFO - SUCCESS ABREL: 1568.70
2025-10-25 22:51:13,844 - INFO - SUCCESS ABSLAMC: 819.80
2025-10-25 22:51:14,147 - INFO - SUCCESS ACC: 1833.40
2025-10-25 22:51:14,431 - INFO - SUCCESS ACE: 1091.60
2025-10-25 22:51:14,706 - INFO - SUCCESS ACMESOLAR: 288.30
2025-10-25 22:51:14,992 - INFO - SUCCESS ADANIENSOL: 926.65
2025-10-25 22:51:15,293 - INFO - SUCCESS ADANIENT: 2573.50
2025-10-25 22:51:15,905 - INFO - SUCCESS ADANIGREEN: 1059.40
2025-10-25 22:51:16,213 - INFO - SUCCESS ADANIPORTS: 1400.50
2025-10-25 22:51:16,479 - INFO - SUCCESS ADANIPOWER: 151.99
2025-10-25 22:51:16,746 - INFO - SUCCESS AEGISLOG: 831.00
2025-10-25 22:51:17,007 - INFO - SUCCESS AFCONS: 448.75
2025-10-25 22:51:17,262 - INFO - SUCCESS AFFLE: 1938.70
2025-10-25 22:51:17,540 - INFO - SUCCESS AIAENG: 3178.20
2025-10-25 22:51:17,809 - INFO - SUCCESS AIIL: 3204.40
2025-10-25 22:51:18,118 - INFO - SUCCESS AJANTPHARM: 2431.30
2025-10-25 22:51:18,379 - INFO - SUCCESS AKUMS: 441.30
2025-10-25 22:51:18,673 - INFO - SUCCESS ALIVUS: 933.30
2025-10-25 22:51:18,962 - INFO - SUCCESS ALKEM: 5494.00
2025-10-25 22:51:19,275 - INFO - SUCCESS ALKYLAMINE: 1888.70
2025-10-25 22:51:19,577 - INFO - SUCCESS ALOKINDS: 17.69
2025-10-25 22:51:19,875 - INFO - SUCCESS AMBER: 8174.50
2025-10-25 22:51:20,196 - INFO - SUCCESS AMBUJACEM: 573.80
2025-10-25 22:51:20,507 - INFO - SUCCESS ANANDRATHI: 2916.35
2025-10-25 22:51:20,843 - INFO - SUCCESS ANANTRAJ: 705.00
2025-10-25 22:51:21,122 - INFO - SUCCESS ANGELONE: 2265.20
2025-10-25 22:51:21,429 - INFO - SUCCESS APARINDS: 8474.50
2025-10-25 22:51:21,712 - INFO - SUCCESS APLAPOLLO: 1742.00
2025-10-25 22:51:22,075 - INFO - SUCCESS APLLTD: 906.35
2025-10-25 22:51:22,422 - INFO - SUCCESS APOLLOHOSP: 7662.00
2025-10-25 22:51:22,754 - INFO - SUCCESS APOLLOTYRE: 474.70
2025-10-25 22:51:23,021 - INFO - SUCCESS APTUS: 323.15
2025-10-25 22:51:23,286 - INFO - SUCCESS ARE&M: 1005.80
2025-10-25 22:51:23,671 - INFO - SUCCESS ASAHIINDIA: 878.60
2025-10-25 22:51:24,001 - INFO - SUCCESS ASHOKLEY: 137.78
2025-10-25 22:51:24,294 - INFO - SUCCESS ASIANPAINT: 2354.80
2025-10-25 22:51:24,581 - INFO - SUCCESS ASTERDM: 672.55
2025-10-25 22:51:24,953 - INFO - SUCCESS ASTRAL: 1383.60
2025-10-25 22:51:25,319 - INFO - SUCCESS ASTRAZEN: 9414.50
2025-10-25 22:51:25,605 - INFO - SUCCESS ATGL: 633.45
2025-10-25 22:51:25,919 - INFO - SUCCESS ATUL: 6056.00
2025-10-25 22:51:26,187 - INFO - SUCCESS Nifty 50: 25077.65
2025-10-25 22:51:26,215 - INFO - Final data - Stocks: 50, Index: 1
2025-10-25 22:51:26,216 - INFO - SUCCESS: Successfully fetched data for 2025-10-06
2025-10-25 22:51:31,217 - INFO - Fetching data for 2025-10-07 (Tuesday)
2025-10-25 22:51:31,224 - INFO - Existing data - Stocks: 0, Index: 0
2025-10-25 22:51:31,224 - INFO - Fetching historical data for 2025-10-07
2025-10-25 22:51:31,380 - INFO - SUCCESS 360ONE: 1069.40
2025-10-25 22:51:31,656 - INFO - SUCCESS 3MINDIA: 29110.00
2025-10-25 22:51:31,984 - INFO - SUCCESS AADHARHFC: 512.90
2025-10-25 22:51:32,331 - INFO - SUCCESS AARTIIND: 377.35
2025-10-25 22:51:32,646 - INFO - SUCCESS AAVAS: 1673.50
2025-10-25 22:51:32,976 - INFO - SUCCESS ABB: 5219.50
2025-10-25 22:51:33,538 - INFO - SUCCESS ABBOTINDIA: 29825.00
2025-10-25 22:51:33,876 - INFO - SUCCESS ABCAPITAL: 303.50
2025-10-25 22:51:34,179 - INFO - SUCCESS ABFRL: 85.70
2025-10-25 22:51:34,746 - INFO - SUCCESS ABREL: 1614.60
2025-10-25 22:51:35,086 - INFO - SUCCESS ABSLAMC: 820.75
2025-10-25 22:51:35,436 - INFO - SUCCESS ACC: 1857.60
2025-10-25 22:51:35,767 - INFO - SUCCESS ACE: 1079.80
2025-10-25 22:51:36,144 - INFO - SUCCESS ACMESOLAR: 290.15
2025-10-25 22:51:36,426 - INFO - SUCCESS ADANIENSOL: 919.00
2025-10-25 22:51:36,713 - INFO - SUCCESS ADANIENT: 2542.20
2025-10-25 22:51:36,994 - INFO - SUCCESS ADANIGREEN: 1060.70
2025-10-25 22:51:37,389 - INFO - SUCCESS ADANIPORTS: 1399.50
2025-10-25 22:51:37,738 - INFO - SUCCESS ADANIPOWER: 151.48
2025-10-25 22:51:38,019 - INFO - SUCCESS AEGISLOG: 820.35
2025-10-25 22:51:38,308 - INFO - SUCCESS AFCONS: 452.35
2025-10-25 22:51:38,589 - INFO - SUCCESS AFFLE: 1886.90
2025-10-25 22:51:38,892 - INFO - SUCCESS AIAENG: 3173.20
2025-10-25 22:51:39,242 - INFO - SUCCESS AIIL: 3250.10
2025-10-25 22:51:39,552 - INFO - SUCCESS AJANTPHARM: 2459.30
2025-10-25 22:51:39,838 - INFO - SUCCESS AKUMS: 439.95
2025-10-25 22:51:40,139 - INFO - SUCCESS ALIVUS: 925.60
2025-10-25 22:51:40,443 - INFO - SUCCESS ALKEM: 5492.00
2025-10-25 22:51:40,775 - INFO - SUCCESS ALKYLAMINE: 1877.90
2025-10-25 22:51:41,177 - INFO - SUCCESS ALOKINDS: 17.48
2025-10-25 22:51:41,455 - INFO - SUCCESS AMBER: 8417.50
2025-10-25 22:51:41,774 - INFO - SUCCESS AMBUJACEM: 569.95
2025-10-25 22:51:42,087 - INFO - SUCCESS ANANDRATHI: 2908.57
2025-10-25 22:51:42,422 - INFO - SUCCESS ANANTRAJ: 735.60
2025-10-25 22:51:42,725 - INFO - SUCCESS ANGELONE: 2250.50
2025-10-25 22:51:43,129 - INFO - SUCCESS APARINDS: 8530.50
2025-10-25 22:51:43,452 - INFO - SUCCESS APLAPOLLO: 1736.30
2025-10-25 22:51:43,784 - INFO - SUCCESS APLLTD: 916.70
2025-10-25 22:51:44,106 - INFO - SUCCESS APOLLOHOSP: 7700.00
2025-10-25 22:51:44,422 - INFO - SUCCESS APOLLOTYRE: 478.50
2025-10-25 22:51:44,787 - INFO - SUCCESS APTUS: 314.50
2025-10-25 22:51:45,101 - INFO - SUCCESS ARE&M: 1006.70
2025-10-25 22:51:45,431 - INFO - SUCCESS ASAHIINDIA: 872.35
2025-10-25 22:51:45,728 - INFO - SUCCESS ASHOKLEY: 139.83
2025-10-25 22:51:46,026 - INFO - SUCCESS ASIANPAINT: 2352.80
2025-10-25 22:51:46,298 - INFO - SUCCESS ASTERDM: 661.60
2025-10-25 22:51:46,621 - INFO - SUCCESS ASTRAL: 1419.40
2025-10-25 22:51:47,082 - INFO - SUCCESS ASTRAZEN: 9381.00
2025-10-25 22:51:47,351 - INFO - SUCCESS ATGL: 636.10
2025-10-25 22:51:47,651 - INFO - SUCCESS ATUL: 6099.00
2025-10-25 22:51:47,949 - INFO - SUCCESS Nifty 50: 25108.30
2025-10-25 22:51:47,985 - INFO - Final data - Stocks: 50, Index: 1
2025-10-25 22:51:47,986 - INFO - SUCCESS: Successfully fetched data for 2025-10-07
2025-10-25 22:51:52,987 - INFO - Fetching data for 2025-10-08 (Wednesday)
2025-10-25 22:51:52,991 - INFO - Existing data - Stocks: 0, Index: 0
2025-10-25 22:51:52,992 - INFO - Fetching historical data for 2025-10-08
2025-10-25 22:51:53,162 - INFO - SUCCESS 360ONE: 1085.30
2025-10-25 22:51:53,522 - INFO - SUCCESS 3MINDIA: 29200.00
2025-10-25 22:51:53,831 - INFO - SUCCESS AADHARHFC: 513.25
2025-10-25 22:51:54,127 - INFO - SUCCESS AARTIIND: 375.25
2025-10-25 22:51:54,397 - INFO - SUCCESS AAVAS: 1667.90
2025-10-25 22:51:54,693 - INFO - SUCCESS ABB: 5128.50
2025-10-25 22:51:55,004 - INFO - SUCCESS ABBOTINDIA: 29925.00
2025-10-25 22:51:55,278 - INFO - SUCCESS ABCAPITAL: 295.25
2025-10-25 22:51:55,567 - INFO - SUCCESS ABFRL: 84.81
2025-10-25 22:51:55,888 - INFO - SUCCESS ABREL: 1609.80
2025-10-25 22:51:56,147 - INFO - SUCCESS ABSLAMC: 820.75
2025-10-25 22:51:56,439 - INFO - SUCCESS ACC: 1865.60
2025-10-25 22:51:56,724 - INFO - SUCCESS ACE: 1085.40
2025-10-25 22:51:56,984 - INFO - SUCCESS ACMESOLAR: 283.30
2025-10-25 22:51:57,314 - INFO - SUCCESS ADANIENSOL: 914.00
2025-10-25 22:51:57,611 - INFO - SUCCESS ADANIENT: 2524.10
2025-10-25 22:51:57,875 - INFO - SUCCESS ADANIGREEN: 1045.10
2025-10-25 22:51:58,188 - INFO - SUCCESS ADANIPORTS: 1394.30
2025-10-25 22:51:58,456 - INFO - SUCCESS ADANIPOWER: 148.78
2025-10-25 22:51:58,729 - INFO - SUCCESS AEGISLOG: 807.55
2025-10-25 22:51:58,995 - INFO - SUCCESS AFCONS: 459.00
2025-10-25 22:51:59,267 - INFO - SUCCESS AFFLE: 1934.60
2025-10-25 22:51:59,553 - INFO - SUCCESS AIAENG: 3224.20
2025-10-25 22:51:59,836 - INFO - SUCCESS AIIL: 3290.10
2025-10-25 22:52:00,131 - INFO - SUCCESS AJANTPHARM: 2411.00
2025-10-25 22:52:00,398 - INFO - SUCCESS AKUMS: 440.50
2025-10-25 22:52:00,717 - INFO - SUCCESS ALIVUS: 919.80
2025-10-25 22:52:01,107 - INFO - SUCCESS ALKEM: 5493.50
2025-10-25 22:52:01,530 - INFO - SUCCESS ALKYLAMINE: 1853.30
2025-10-25 22:52:01,887 - INFO - SUCCESS ALOKINDS: 17.32
2025-10-25 22:52:02,151 - INFO - SUCCESS AMBER: 8239.00
2025-10-25 22:52:02,435 - INFO - SUCCESS AMBUJACEM: 566.30
2025-10-25 22:52:02,703 - INFO - SUCCESS ANANDRATHI: 2984.82
2025-10-25 22:52:03,033 - INFO - SUCCESS ANANTRAJ: 699.95
2025-10-25 22:52:03,299 - INFO - SUCCESS ANGELONE: 2217.50
2025-10-25 22:52:03,632 - INFO - SUCCESS APARINDS: 8549.50
2025-10-25 22:52:03,922 - INFO - SUCCESS APLAPOLLO: 1724.90
2025-10-25 22:52:04,225 - INFO - SUCCESS APLLTD: 930.65
2025-10-25 22:52:04,526 - INFO - SUCCESS APOLLOHOSP: 7662.00
2025-10-25 22:52:04,818 - INFO - SUCCESS APOLLOTYRE: 486.90
2025-10-25 22:52:05,104 - INFO - SUCCESS APTUS: 309.65
2025-10-25 22:52:05,379 - INFO - SUCCESS ARE&M: 1006.00
2025-10-25 22:52:05,681 - INFO - SUCCESS ASAHIINDIA: 867.05
2025-10-25 22:52:05,986 - INFO - SUCCESS ASHOKLEY: 139.37
2025-10-25 22:52:06,315 - INFO - SUCCESS ASIANPAINT: 2328.50
2025-10-25 22:52:06,590 - INFO - SUCCESS ASTERDM: 698.55
2025-10-25 22:52:06,898 - INFO - SUCCESS ASTRAL: 1406.00
2025-10-25 22:52:07,184 - INFO - SUCCESS ASTRAZEN: 9275.00
2025-10-25 22:52:07,453 - INFO - SUCCESS ATGL: 629.25
2025-10-25 22:52:07,749 - INFO - SUCCESS ATUL: 6012.50
2025-10-25 22:52:08,022 - INFO - SUCCESS Nifty 50: 25046.15
2025-10-25 22:52:08,051 - INFO - Final data - Stocks: 50, Index: 1
2025-10-25 22:52:08,054 - INFO - SUCCESS: Successfully fetched data for 2025-10-08
2025-10-25 22:52:13,056 - INFO - Fetching data for 2025-10-09 (Thursday)
2025-10-25 22:52:13,059 - INFO - Existing data - Stocks: 0, Index: 0
2025-10-25 22:52:13,059 - INFO - Fetching historical data for 2025-10-09
2025-10-25 22:52:13,202 - INFO - SUCCESS 360ONE: 1084.40
2025-10-25 22:52:13,479 - INFO - SUCCESS 3MINDIA: 29265.00
2025-10-25 22:52:14,039 - INFO - SUCCESS AADHARHFC: 513.75
2025-10-25 22:52:14,359 - INFO - SUCCESS AARTIIND: 380.50
2025-10-25 22:52:14,644 - INFO - SUCCESS AAVAS: 1624.30
2025-10-25 22:52:14,940 - INFO - SUCCESS ABB: 5146.50
2025-10-25 22:52:15,225 - INFO - SUCCESS ABBOTINDIA: 29690.00
2025-10-25 22:52:15,497 - INFO - SUCCESS ABCAPITAL: 297.95
2025-10-25 22:52:15,759 - INFO - SUCCESS ABFRL: 84.57
2025-10-25 22:52:16,059 - INFO - SUCCESS ABREL: 1610.10
2025-10-25 22:52:16,335 - INFO - SUCCESS ABSLAMC: 804.10
2025-10-25 22:52:16,673 - INFO - SUCCESS ACC: 1874.80
2025-10-25 22:52:16,951 - INFO - SUCCESS ACE: 1071.40
2025-10-25 22:52:17,207 - INFO - SUCCESS ACMESOLAR: 281.10
2025-10-25 22:52:17,463 - INFO - SUCCESS ADANIENSOL: 931.95
2025-10-25 22:52:17,787 - INFO - SUCCESS ADANIENT: 2542.40
2025-10-25 22:52:18,118 - INFO - SUCCESS ADANIGREEN: 1051.50
2025-10-25 22:52:18,414 - INFO - SUCCESS ADANIPORTS: 1395.60
2025-10-25 22:52:18,691 - INFO - SUCCESS ADANIPOWER: 148.91
2025-10-25 22:52:18,969 - INFO - SUCCESS AEGISLOG: 805.90
2025-10-25 22:52:19,312 - INFO - SUCCESS AFCONS: 465.70
2025-10-25 22:52:19,576 - INFO - SUCCESS AFFLE: 1957.40
2025-10-25 22:52:19,876 - INFO - SUCCESS AIAENG: 3271.90
2025-10-25 22:52:20,151 - INFO - SUCCESS AIIL: 3288.70
2025-10-25 22:52:20,439 - INFO - SUCCESS AJANTPHARM: 2421.20
2025-10-25 22:52:20,781 - INFO - SUCCESS AKUMS: 445.50
2025-10-25 22:52:21,046 - INFO - SUCCESS ALIVUS: 944.20
2025-10-25 22:52:21,429 - INFO - SUCCESS ALKEM: 5480.50
2025-10-25 22:52:21,725 - INFO - SUCCESS ALKYLAMINE: 1837.90
2025-10-25 22:52:22,008 - INFO - SUCCESS ALOKINDS: 17.31
2025-10-25 22:52:22,281 - INFO - SUCCESS AMBER: 8246.00
2025-10-25 22:52:22,558 - INFO - SUCCESS AMBUJACEM: 565.90
2025-10-25 22:52:22,828 - INFO - SUCCESS ANANDRATHI: 2945.99
2025-10-25 22:52:23,142 - INFO - SUCCESS ANANTRAJ: 698.35
2025-10-25 22:52:23,413 - INFO - SUCCESS ANGELONE: 2264.60
2025-10-25 22:52:23,712 - INFO - SUCCESS APARINDS: 8469.00
2025-10-25 22:52:24,005 - INFO - SUCCESS APLAPOLLO: 1735.00
2025-10-25 22:52:24,298 - INFO - SUCCESS APLLTD: 929.95
2025-10-25 22:52:24,595 - INFO - SUCCESS APOLLOHOSP: 7695.00
2025-10-25 22:52:24,917 - INFO - SUCCESS APOLLOTYRE: 484.85
2025-10-25 22:52:25,199 - INFO - SUCCESS APTUS: 309.50
2025-10-25 22:52:25,514 - INFO - SUCCESS ARE&M: 997.70
2025-10-25 22:52:25,822 - INFO - SUCCESS ASAHIINDIA: 865.50
2025-10-25 22:52:26,126 - INFO - SUCCESS ASHOKLEY: 138.64
2025-10-25 22:52:26,430 - INFO - SUCCESS ASIANPAINT: 2336.40
2025-10-25 22:52:26,697 - INFO - SUCCESS ASTERDM: 697.75
2025-10-25 22:52:26,977 - INFO - SUCCESS ASTRAL: 1406.10
2025-10-25 22:52:27,256 - INFO - SUCCESS ASTRAZEN: 9242.50
2025-10-25 22:52:27,526 - INFO - SUCCESS ATGL: 627.70
2025-10-25 22:52:27,831 - INFO - SUCCESS ATUL: 5988.50
2025-10-25 22:52:28,113 - INFO - SUCCESS Nifty 50: 25181.80
2025-10-25 22:52:28,142 - INFO - Final data - Stocks: 50, Index: 1
2025-10-25 22:52:28,142 - INFO - SUCCESS: Successfully fetched data for 2025-10-09
2025-10-25 22:52:33,144 - INFO - Fetching data for 2025-10-10 (Friday)
2025-10-25 22:52:33,149 - INFO - Existing data - Stocks: 0, Index: 0
2025-10-25 22:52:33,150 - INFO - Fetching historical data for 2025-10-10
2025-10-25 22:52:33,303 - INFO - SUCCESS 360ONE: 1095.10
2025-10-25 22:52:33,657 - INFO - SUCCESS 3MINDIA: 29590.00
2025-10-25 22:52:33,933 - INFO - SUCCESS AADHARHFC: 515.50
2025-10-25 22:52:34,264 - INFO - SUCCESS AARTIIND: 378.00
2025-10-25 22:52:34,570 - INFO - SUCCESS AAVAS: 1631.70
2025-10-25 22:52:34,880 - INFO - SUCCESS ABB: 5186.00
2025-10-25 22:52:35,235 - INFO - SUCCESS ABBOTINDIA: 30130.00
2025-10-25 22:52:35,508 - INFO - SUCCESS ABCAPITAL: 293.35
2025-10-25 22:52:35,781 - INFO - SUCCESS ABFRL: 83.19
2025-10-25 22:52:36,153 - INFO - SUCCESS ABREL: 1627.70
2025-10-25 22:52:36,455 - INFO - SUCCESS ABSLAMC: 821.40
2025-10-25 22:52:36,766 - INFO - SUCCESS ACC: 1885.60
2025-10-25 22:52:37,078 - INFO - SUCCESS ACE: 1069.00
2025-10-25 22:52:37,366 - INFO - SUCCESS ACMESOLAR: 285.00
2025-10-25 22:52:37,653 - INFO - SUCCESS ADANIENSOL: 925.85
2025-10-25 22:52:37,955 - INFO - SUCCESS ADANIENT: 2550.90
2025-10-25 22:52:38,335 - INFO - SUCCESS ADANIGREEN: 1064.30
2025-10-25 22:52:38,643 - INFO - SUCCESS ADANIPORTS: 1409.40
2025-10-25 22:52:38,912 - INFO - SUCCESS ADANIPOWER: 149.70
2025-10-25 22:52:39,178 - INFO - SUCCESS AEGISLOG: 812.50
2025-10-25 22:52:39,440 - INFO - SUCCESS AFCONS: 463.35
2025-10-25 22:52:39,715 - INFO - SUCCESS AFFLE: 1967.40
2025-10-25 22:52:40,027 - INFO - SUCCESS AIAENG: 3271.90
2025-10-25 22:52:40,298 - INFO - SUCCESS AIIL: 3299.50
2025-10-25 22:52:40,613 - INFO - SUCCESS AJANTPHARM: 2434.20
2025-10-25 22:52:40,901 - INFO - SUCCESS AKUMS: 446.15
2025-10-25 22:52:41,246 - INFO - SUCCESS ALIVUS: 933.80
2025-10-25 22:52:41,533 - INFO - SUCCESS ALKEM: 5454.50
2025-10-25 22:52:41,881 - INFO - SUCCESS ALKYLAMINE: 1843.20
2025-10-25 22:52:42,171 - INFO - SUCCESS ALOKINDS: 17.49
2025-10-25 22:52:42,446 - INFO - SUCCESS AMBER: 8284.50
2025-10-25 22:52:42,747 - INFO - SUCCESS AMBUJACEM: 569.25
2025-10-25 22:52:43,016 - INFO - SUCCESS ANANDRATHI: 2950.38
2025-10-25 22:52:43,307 - INFO - SUCCESS ANANTRAJ: 694.20
2025-10-25 22:52:43,581 - INFO - SUCCESS ANGELONE: 2303.30
2025-10-25 22:52:43,872 - INFO - SUCCESS APARINDS: 8385.00
2025-10-25 22:52:44,151 - INFO - SUCCESS APLAPOLLO: 1738.60
2025-10-25 22:52:44,423 - INFO - SUCCESS APLLTD: 948.35
2025-10-25 22:52:44,715 - INFO - SUCCESS APOLLOHOSP: 7681.00
2025-10-25 22:52:45,026 - INFO - SUCCESS APOLLOTYRE: 488.25
2025-10-25 22:52:45,758 - INFO - SUCCESS APTUS: 318.30
2025-10-25 22:52:46,027 - INFO - SUCCESS ARE&M: 1005.65
2025-10-25 22:52:46,324 - INFO - SUCCESS ASAHIINDIA: 899.95
2025-10-25 22:52:46,619 - INFO - SUCCESS ASHOKLEY: 137.55
2025-10-25 22:52:46,924 - INFO - SUCCESS ASIANPAINT: 2340.20
2025-10-25 22:52:47,191 - INFO - SUCCESS ASTERDM: 685.55
2025-10-25 22:52:47,478 - INFO - SUCCESS ASTRAL: 1427.10
2025-10-25 22:52:47,773 - INFO - SUCCESS ASTRAZEN: 9262.00
2025-10-25 22:52:48,056 - INFO - SUCCESS ATGL: 628.05
2025-10-25 22:52:48,365 - INFO - SUCCESS ATUL: 6032.00
2025-10-25 22:52:48,707 - INFO - SUCCESS Nifty 50: 25285.35
2025-10-25 22:52:48,732 - INFO - Final data - Stocks: 50, Index: 1
2025-10-25 22:52:48,732 - INFO - SUCCESS: Successfully fetched data for 2025-10-10
2025-10-25 22:52:53,734 - INFO - Fetching data for 2025-10-13 (Monday)
2025-10-25 22:52:53,736 - INFO - Existing data - Stocks: 0, Index: 0
2025-10-25 22:52:53,737 - INFO - Fetching historical data for 2025-10-13
2025-10-25 22:52:53,873 - INFO - SUCCESS 360ONE: 1101.40
2025-10-25 22:52:54,134 - INFO - SUCCESS 3MINDIA: 28930.00
2025-10-25 22:52:54,399 - INFO - SUCCESS AADHARHFC: 513.80
2025-10-25 22:52:54,701 - INFO - SUCCESS AARTIIND: 381.80
2025-10-25 22:52:54,964 - INFO - SUCCESS AAVAS: 1620.40
2025-10-25 22:52:55,287 - INFO - SUCCESS ABB: 5147.50
2025-10-25 22:52:55,587 - INFO - SUCCESS ABBOTINDIA: 29995.00
2025-10-25 22:52:55,852 - INFO - SUCCESS ABCAPITAL: 299.05
2025-10-25 22:52:56,184 - INFO - SUCCESS ABFRL: 81.97
2025-10-25 22:52:56,477 - INFO - SUCCESS ABREL: 1616.30
2025-10-25 22:52:56,751 - INFO - SUCCESS ABSLAMC: 857.95
2025-10-25 22:52:57,045 - INFO - SUCCESS ACC: 1870.10
2025-10-25 22:52:57,324 - INFO - SUCCESS ACE: 1081.40
2025-10-25 22:52:57,592 - INFO - SUCCESS ACMESOLAR: 283.65
2025-10-25 22:52:57,864 - INFO - SUCCESS ADANIENSOL: 937.65
2025-10-25 22:52:58,183 - INFO - SUCCESS ADANIENT: 2527.40
2025-10-25 22:52:58,443 - INFO - SUCCESS ADANIGREEN: 1051.30
2025-10-25 22:52:58,720 - INFO - SUCCESS ADANIPORTS: 1437.80
2025-10-25 22:52:58,979 - INFO - SUCCESS ADANIPOWER: 154.43
2025-10-25 22:52:59,303 - INFO - SUCCESS AEGISLOG: 811.10
2025-10-25 22:52:59,581 - INFO - SUCCESS AFCONS: 463.50
2025-10-25 22:52:59,842 - INFO - SUCCESS AFFLE: 1956.00
2025-10-25 22:53:00,169 - INFO - SUCCESS AIAENG: 3232.90
2025-10-25 22:53:00,511 - INFO - SUCCESS AIIL: 3180.90
2025-10-25 22:53:00,805 - INFO - SUCCESS AJANTPHARM: 2419.00
2025-10-25 22:53:01,282 - INFO - SUCCESS AKUMS: 462.30
2025-10-25 22:53:01,646 - INFO - SUCCESS ALIVUS: 930.75
2025-10-25 22:53:01,993 - INFO - SUCCESS ALKEM: 5492.50
2025-10-25 22:53:02,294 - INFO - SUCCESS ALKYLAMINE: 1852.30
2025-10-25 22:53:02,577 - INFO - SUCCESS ALOKINDS: 17.36
2025-10-25 22:53:02,860 - INFO - SUCCESS AMBER: 8327.00
2025-10-25 22:53:03,174 - INFO - SUCCESS AMBUJACEM: 566.75
2025-10-25 22:53:03,449 - INFO - SUCCESS ANANDRATHI: 2929.23
2025-10-25 22:53:03,795 - INFO - SUCCESS ANANTRAJ: 685.55
2025-10-25 22:53:04,053 - INFO - SUCCESS ANGELONE: 2340.70
2025-10-25 22:53:04,342 - INFO - SUCCESS APARINDS: 8509.00
2025-10-25 22:53:04,626 - INFO - SUCCESS APLAPOLLO: 1742.20
2025-10-25 22:53:04,911 - INFO - SUCCESS APLLTD: 943.70
2025-10-25 22:53:05,203 - INFO - SUCCESS APOLLOHOSP: 7671.00
2025-10-25 22:53:05,492 - INFO - SUCCESS APOLLOTYRE: 485.35
2025-10-25 22:53:05,766 - INFO - SUCCESS APTUS: 311.10
2025-10-25 22:53:06,045 - INFO - SUCCESS ARE&M: 997.55
2025-10-25 22:53:06,339 - INFO - SUCCESS ASAHIINDIA: 899.15
2025-10-25 22:53:06,697 - INFO - SUCCESS ASHOKLEY: 137.42
2025-10-25 22:53:07,002 - INFO - SUCCESS ASIANPAINT: 2342.50
2025-10-25 22:53:07,272 - INFO - SUCCESS ASTERDM: 700.75
2025-10-25 22:53:07,588 - INFO - SUCCESS ASTRAL: 1421.20
2025-10-25 22:53:07,955 - INFO - SUCCESS ASTRAZEN: 9222.50
2025-10-25 22:53:08,223 - INFO - SUCCESS ATGL: 625.35
2025-10-25 22:53:08,590 - INFO - SUCCESS ATUL: 5994.50
2025-10-25 22:53:08,974 - INFO - SUCCESS Nifty 50: 25227.35
2025-10-25 22:53:09,009 - INFO - Final data - Stocks: 50, Index: 1
2025-10-25 22:53:09,009 - INFO - SUCCESS: Successfully fetched data for 2025-10-13
2025-10-25 22:53:14,011 - INFO - Fetching data for 2025-10-14 (Tuesday)
2025-10-25 22:53:14,012 - INFO - Existing data - Stocks: 0, Index: 0
2025-10-25 22:53:14,014 - INFO - Fetching historical data for 2025-10-14
2025-10-25 22:53:14,167 - INFO - SUCCESS 360ONE: 1126.70
2025-10-25 22:53:14,428 - INFO - SUCCESS 3MINDIA: 29100.00
2025-10-25 22:53:14,691 - INFO - SUCCESS AADHARHFC: 516.25
2025-10-25 22:53:15,016 - INFO - SUCCESS AARTIIND: 375.00
2025-10-25 22:53:15,280 - INFO - SUCCESS AAVAS: 1597.00
2025-10-25 22:53:15,606 - INFO - SUCCESS ABB: 5119.50
2025-10-25 22:53:15,899 - INFO - SUCCESS ABBOTINDIA: 30095.00
2025-10-25 22:53:16,165 - INFO - SUCCESS ABCAPITAL: 298.00
2025-10-25 22:53:16,876 - INFO - SUCCESS ABFRL: 80.14
2025-10-25 22:53:17,164 - INFO - SUCCESS ABREL: 1615.20
2025-10-25 22:53:17,437 - INFO - SUCCESS ABSLAMC: 848.70
2025-10-25 22:53:17,731 - INFO - SUCCESS ACC: 1862.50
2025-10-25 22:53:18,024 - INFO - SUCCESS ACE: 1082.80
2025-10-25 22:53:18,294 - INFO - SUCCESS ACMESOLAR: 282.30
2025-10-25 22:53:18,562 - INFO - SUCCESS ADANIENSOL: 933.75
2025-10-25 22:53:18,843 - INFO - SUCCESS ADANIENT: 2517.00
2025-10-25 22:53:19,146 - INFO - SUCCESS ADANIGREEN: 1036.20
2025-10-25 22:53:19,449 - INFO - SUCCESS ADANIPORTS: 1429.00
2025-10-25 22:53:19,731 - INFO - SUCCESS ADANIPOWER: 154.90
2025-10-25 22:53:20,011 - INFO - SUCCESS AEGISLOG: 808.35
2025-10-25 22:53:20,284 - INFO - SUCCESS AFCONS: 454.05
2025-10-25 22:53:20,561 - INFO - SUCCESS AFFLE: 1918.70
2025-10-25 22:53:20,952 - INFO - SUCCESS AIAENG: 3228.60
2025-10-25 22:53:21,324 - INFO - SUCCESS AIIL: 3134.30
2025-10-25 22:53:21,774 - INFO - SUCCESS AJANTPHARM: 2392.00
2025-10-25 22:53:22,112 - INFO - SUCCESS AKUMS: 459.55
2025-10-25 22:53:22,384 - INFO - SUCCESS ALIVUS: 925.25
2025-10-25 22:53:22,939 - INFO - SUCCESS ALKEM: 5493.00
2025-10-25 22:53:23,341 - INFO - SUCCESS ALKYLAMINE: 1840.90
2025-10-25 22:53:23,712 - INFO - SUCCESS ALOKINDS: 17.18
2025-10-25 22:53:23,966 - INFO - SUCCESS AMBER: 8204.50
2025-10-25 22:53:24,395 - INFO - SUCCESS AMBUJACEM: 563.60
2025-10-25 22:53:24,778 - INFO - SUCCESS ANANDRATHI: 3157.08
2025-10-25 22:53:25,268 - INFO - SUCCESS ANANTRAJ: 657.40
2025-10-25 22:53:25,578 - INFO - SUCCESS ANGELONE: 2404.60
2025-10-25 22:53:25,887 - INFO - SUCCESS APARINDS: 8505.00
2025-10-25 22:53:26,302 - INFO - SUCCESS APLAPOLLO: 1725.00
2025-10-25 22:53:26,637 - INFO - SUCCESS APLLTD: 915.90
2025-10-25 22:53:26,924 - INFO - SUCCESS APOLLOHOSP: 7759.00
2025-10-25 22:53:27,323 - INFO - SUCCESS APOLLOTYRE: 480.70
2025-10-25 22:53:27,857 - INFO - SUCCESS APTUS: 312.45
2025-10-25 22:53:28,156 - INFO - SUCCESS ARE&M: 1000.25
2025-10-25 22:53:28,471 - INFO - SUCCESS ASAHIINDIA: 899.85
2025-10-25 22:53:28,754 - INFO - SUCCESS ASHOKLEY: 135.41
2025-10-25 22:53:29,048 - INFO - SUCCESS ASIANPAINT: 2318.10
2025-10-25 22:53:29,324 - INFO - SUCCESS ASTERDM: 686.95
2025-10-25 22:53:29,681 - INFO - SUCCESS ASTRAL: 1418.60
2025-10-25 22:53:30,018 - INFO - SUCCESS ASTRAZEN: 9121.50
2025-10-25 22:53:30,321 - INFO - SUCCESS ATGL: 616.75
2025-10-25 22:53:30,639 - INFO - SUCCESS ATUL: 5815.50
2025-10-25 22:53:31,103 - INFO - SUCCESS Nifty 50: 25145.50
2025-10-25 22:53:31,163 - INFO - Final data - Stocks: 50, Index: 1
2025-10-25 22:53:31,164 - INFO - SUCCESS: Successfully fetched data for 2025-10-14
2025-10-25 22:53:36,166 - INFO - Fetching data for 2025-10-15 (Wednesday)
2025-10-25 22:53:36,167 - INFO - Existing data - Stocks: 0, Index: 0
2025-10-25 22:53:36,168 - INFO - Fetching historical data for 2025-10-15
2025-10-25 22:53:36,311 - INFO - SUCCESS 360ONE: 1160.40
2025-10-25 22:53:36,582 - INFO - SUCCESS 3MINDIA: 29305.00
2025-10-25 22:53:36,861 - INFO - SUCCESS AADHARHFC: 510.60
2025-10-25 22:53:37,146 - INFO - SUCCESS AARTIIND: 371.80
2025-10-25 22:53:37,421 - INFO - SUCCESS AAVAS: 1587.30
2025-10-25 22:53:37,748 - INFO - SUCCESS ABB: 5173.50
2025-10-25 22:53:38,046 - INFO - SUCCESS ABBOTINDIA: 29830.00
2025-10-25 22:53:38,327 - INFO - SUCCESS ABCAPITAL: 303.50
2025-10-25 22:53:38,605 - INFO - SUCCESS ABFRL: 83.45
2025-10-25 22:53:38,911 - INFO - SUCCESS ABREL: 1644.20
2025-10-25 22:53:39,197 - INFO - SUCCESS ABSLAMC: 864.95
2025-10-25 22:53:39,558 - INFO - SUCCESS ACC: 1857.40
2025-10-25 22:53:39,912 - INFO - SUCCESS ACE: 1075.30
2025-10-25 22:53:40,213 - INFO - SUCCESS ACMESOLAR: 279.40
2025-10-25 22:53:40,490 - INFO - SUCCESS ADANIENSOL: 944.20
2025-10-25 22:53:40,796 - INFO - SUCCESS ADANIENT: 2532.80
2025-10-25 22:53:41,075 - INFO - SUCCESS ADANIGREEN: 1043.80
2025-10-25 22:53:41,360 - INFO - SUCCESS ADANIPORTS: 1450.70
2025-10-25 22:53:41,612 - INFO - SUCCESS ADANIPOWER: 157.51
2025-10-25 22:53:41,887 - INFO - SUCCESS AEGISLOG: 813.30
2025-10-25 22:53:42,139 - INFO - SUCCESS AFCONS: 457.00
2025-10-25 22:53:42,419 - INFO - SUCCESS AFFLE: 1911.50
2025-10-25 22:53:42,724 - INFO - SUCCESS AIAENG: 3238.70
2025-10-25 22:53:42,987 - INFO - SUCCESS AIIL: 3249.70
2025-10-25 22:53:43,311 - INFO - SUCCESS AJANTPHARM: 2409.70
2025-10-25 22:53:43,573 - INFO - SUCCESS AKUMS: 463.45
2025-10-25 22:53:43,839 - INFO - SUCCESS ALIVUS: 934.40
2025-10-25 22:53:44,126 - INFO - SUCCESS ALKEM: 5566.50
2025-10-25 22:53:44,416 - INFO - SUCCESS ALKYLAMINE: 1900.20
2025-10-25 22:53:44,781 - INFO - SUCCESS ALOKINDS: 17.43
2025-10-25 22:53:45,082 - INFO - SUCCESS AMBER: 8148.50
2025-10-25 22:53:45,369 - INFO - SUCCESS AMBUJACEM: 567.00
2025-10-25 22:53:45,634 - INFO - SUCCESS ANANDRATHI: 3124.85
2025-10-25 22:53:45,935 - INFO - SUCCESS ANANTRAJ: 662.55
2025-10-25 22:53:46,208 - INFO - SUCCESS ANGELONE: 2445.20
2025-10-25 22:53:46,491 - INFO - SUCCESS APARINDS: 8355.50
2025-10-25 22:53:46,789 - INFO - SUCCESS APLAPOLLO: 1734.10
2025-10-25 22:53:47,076 - INFO - SUCCESS APLLTD: 917.65
2025-10-25 22:53:47,371 - INFO - SUCCESS APOLLOHOSP: 7826.00
2025-10-25 22:53:47,954 - INFO - SUCCESS APOLLOTYRE: 486.80
2025-10-25 22:53:48,253 - INFO - SUCCESS APTUS: 309.35
2025-10-25 22:53:48,522 - INFO - SUCCESS ARE&M: 991.95
2025-10-25 22:53:48,818 - INFO - SUCCESS ASAHIINDIA: 901.80
2025-10-25 22:53:49,138 - INFO - SUCCESS ASHOKLEY: 135.69
2025-10-25 22:53:49,432 - INFO - SUCCESS ASIANPAINT: 2375.10
2025-10-25 22:53:49,713 - INFO - SUCCESS ASTERDM: 698.50
2025-10-25 22:53:50,003 - INFO - SUCCESS ASTRAL: 1438.80
2025-10-25 22:53:50,364 - INFO - SUCCESS ASTRAZEN: 9148.50
2025-10-25 22:53:50,651 - INFO - SUCCESS ATGL: 619.00
2025-10-25 22:53:50,974 - INFO - SUCCESS ATUL: 5766.50
2025-10-25 22:53:51,234 - INFO - SUCCESS Nifty 50: 25323.55
2025-10-25 22:53:51,259 - INFO - Final data - Stocks: 50, Index: 1
2025-10-25 22:53:51,260 - INFO - SUCCESS: Successfully fetched data for 2025-10-15
2025-10-25 22:53:56,261 - INFO - Fetching data for 2025-10-16 (Thursday)
2025-10-25 22:53:56,263 - INFO - Existing data - Stocks: 0, Index: 0
2025-10-25 22:53:56,263 - INFO - Fetching historical data for 2025-10-16
2025-10-25 22:53:56,413 - INFO - SUCCESS 360ONE: 1171.80
2025-10-25 22:53:56,691 - INFO - SUCCESS 3MINDIA: 29395.00
2025-10-25 22:53:56,975 - INFO - SUCCESS AADHARHFC: 508.10
2025-10-25 22:53:57,255 - INFO - SUCCESS AARTIIND: 376.55
2025-10-25 22:53:57,541 - INFO - SUCCESS AAVAS: 1607.60
2025-10-25 22:53:57,845 - INFO - SUCCESS ABB: 5212.00
2025-10-25 22:53:58,154 - INFO - SUCCESS ABBOTINDIA: 29835.00
2025-10-25 22:53:58,423 - INFO - SUCCESS ABCAPITAL: 300.00
2025-10-25 22:53:58,686 - INFO - SUCCESS ABFRL: 83.69
2025-10-25 22:53:58,967 - INFO - SUCCESS ABREL: 1632.10
2025-10-25 22:53:59,233 - INFO - SUCCESS ABSLAMC: 862.85
2025-10-25 22:53:59,526 - INFO - SUCCESS ACC: 1860.10
2025-10-25 22:53:59,808 - INFO - SUCCESS ACE: 1076.80
2025-10-25 22:54:00,093 - INFO - SUCCESS ACMESOLAR: 280.60
2025-10-25 22:54:00,361 - INFO - SUCCESS ADANIENSOL: 947.95
2025-10-25 22:54:00,736 - INFO - SUCCESS ADANIENT: 2557.60
2025-10-25 22:54:00,991 - INFO - SUCCESS ADANIGREEN: 1060.30
2025-10-25 22:54:01,289 - INFO - SUCCESS ADANIPORTS: 1479.50
2025-10-25 22:54:01,701 - INFO - SUCCESS ADANIPOWER: 157.37
2025-10-25 22:54:02,009 - INFO - SUCCESS AEGISLOG: 802.85
2025-10-25 22:54:02,288 - INFO - SUCCESS AFCONS: 459.20
2025-10-25 22:54:02,547 - INFO - SUCCESS AFFLE: 1946.70
2025-10-25 22:54:02,878 - INFO - SUCCESS AIAENG: 3313.50
2025-10-25 22:54:03,152 - INFO - SUCCESS AIIL: 3237.90
2025-10-25 22:54:03,440 - INFO - SUCCESS AJANTPHARM: 2458.20
2025-10-25 22:54:03,718 - INFO - SUCCESS AKUMS: 462.40
2025-10-25 22:54:03,986 - INFO - SUCCESS ALIVUS: 928.75
2025-10-25 22:54:04,341 - INFO - SUCCESS ALKEM: 5524.00
2025-10-25 22:54:04,628 - INFO - SUCCESS ALKYLAMINE: 1928.20
2025-10-25 22:54:05,007 - INFO - SUCCESS ALOKINDS: 17.90
2025-10-25 22:54:05,279 - INFO - SUCCESS AMBER: 8239.00
2025-10-25 22:54:05,595 - INFO - SUCCESS AMBUJACEM: 569.70
2025-10-25 22:54:05,951 - INFO - SUCCESS ANANDRATHI: 3097.20
2025-10-25 22:54:06,262 - INFO - SUCCESS ANANTRAJ: 633.35
2025-10-25 22:54:06,524 - INFO - SUCCESS ANGELONE: 2482.60
2025-10-25 22:54:06,800 - INFO - SUCCESS APARINDS: 8784.50
2025-10-25 22:54:07,101 - INFO - SUCCESS APLAPOLLO: 1728.00
2025-10-25 22:54:07,382 - INFO - SUCCESS APLLTD: 933.40
2025-10-25 22:54:07,685 - INFO - SUCCESS APOLLOHOSP: 7833.50
2025-10-25 22:54:08,005 - INFO - SUCCESS APOLLOTYRE: 489.95
2025-10-25 22:54:08,319 - INFO - SUCCESS APTUS: 305.15
2025-10-25 22:54:08,667 - INFO - SUCCESS ARE&M: 996.65
2025-10-25 22:54:08,978 - INFO - SUCCESS ASAHIINDIA: 913.70
2025-10-25 22:54:09,267 - INFO - SUCCESS ASHOKLEY: 137.24
2025-10-25 22:54:09,571 - INFO - SUCCESS ASIANPAINT: 2409.70
2025-10-25 22:54:09,845 - INFO - SUCCESS ASTERDM: 699.35
2025-10-25 22:54:10,162 - INFO - SUCCESS ASTRAL: 1444.80
2025-10-25 22:54:10,445 - INFO - SUCCESS ASTRAZEN: 9101.00
2025-10-25 22:54:10,718 - INFO - SUCCESS ATGL: 621.65
2025-10-25 22:54:11,009 - INFO - SUCCESS ATUL: 5828.00
2025-10-25 22:54:11,292 - INFO - SUCCESS Nifty 50: 25585.30
2025-10-25 22:54:11,319 - INFO - Final data - Stocks: 50, Index: 1
2025-10-25 22:54:11,321 - INFO - SUCCESS: Successfully fetched data for 2025-10-16
2025-10-25 22:54:16,324 - INFO - Fetching data for 2025-10-17 (Friday)
2025-10-25 22:54:16,326 - INFO - Existing data - Stocks: 0, Index: 0
2025-10-25 22:54:16,326 - INFO - Fetching historical data for 2025-10-17
2025-10-25 22:54:16,467 - INFO - SUCCESS 360ONE: 1164.90
2025-10-25 22:54:16,732 - INFO - SUCCESS 3MINDIA: 29565.00
2025-10-25 22:54:16,993 - INFO - SUCCESS AADHARHFC: 503.70
2025-10-25 22:54:17,368 - INFO - SUCCESS AARTIIND: 374.80
2025-10-25 22:54:17,628 - INFO - SUCCESS AAVAS: 1605.80
2025-10-25 22:54:17,942 - INFO - SUCCESS ABB: 5202.00
2025-10-25 22:54:18,252 - INFO - SUCCESS ABBOTINDIA: 29805.00
2025-10-25 22:54:18,521 - INFO - SUCCESS ABCAPITAL: 299.30
2025-10-25 22:54:18,792 - INFO - SUCCESS ABFRL: 82.28
2025-10-25 22:54:19,090 - INFO - SUCCESS ABREL: 1632.60
2025-10-25 22:54:19,357 - INFO - SUCCESS ABSLAMC: 861.50
2025-10-25 22:54:19,647 - INFO - SUCCESS ACC: 1832.70
2025-10-25 22:54:19,949 - INFO - SUCCESS ACE: 1086.40
2025-10-25 22:54:20,223 - INFO - SUCCESS ACMESOLAR: 276.90
2025-10-25 22:54:20,556 - INFO - SUCCESS ADANIENSOL: 929.70
2025-10-25 22:54:20,868 - INFO - SUCCESS ADANIENT: 2549.40
2025-10-25 22:54:21,137 - INFO - SUCCESS ADANIGREEN: 1036.70
2025-10-25 22:54:21,415 - INFO - SUCCESS ADANIPORTS: 1479.40
2025-10-25 22:54:21,668 - INFO - SUCCESS ADANIPOWER: 165.98
2025-10-25 22:54:21,935 - INFO - SUCCESS AEGISLOG: 805.90
2025-10-25 22:54:22,209 - INFO - SUCCESS AFCONS: 445.50
2025-10-25 22:54:22,546 - INFO - SUCCESS AFFLE: 1892.10
2025-10-25 22:54:22,851 - INFO - SUCCESS AIAENG: 3302.80
2025-10-25 22:54:23,134 - INFO - SUCCESS AIIL: 3162.20
2025-10-25 22:54:23,430 - INFO - SUCCESS AJANTPHARM: 2438.50
2025-10-25 22:54:23,704 - INFO - SUCCESS AKUMS: 461.75
2025-10-25 22:54:23,993 - INFO - SUCCESS ALIVUS: 923.30
2025-10-25 22:54:24,271 - INFO - SUCCESS ALKEM: 5581.50
2025-10-25 22:54:24,556 - INFO - SUCCESS ALKYLAMINE: 1923.90
2025-10-25 22:54:24,866 - INFO - SUCCESS ALOKINDS: 17.24
2025-10-25 22:54:25,146 - INFO - SUCCESS AMBER: 8249.50
2025-10-25 22:54:25,461 - INFO - SUCCESS AMBUJACEM: 563.60
2025-10-25 22:54:25,748 - INFO - SUCCESS ANANDRATHI: 3125.10
2025-10-25 22:54:26,029 - INFO - SUCCESS ANANTRAJ: 621.00
2025-10-25 22:54:26,293 - INFO - SUCCESS ANGELONE: 2496.50
2025-10-25 22:54:26,592 - INFO - SUCCESS APARINDS: 8690.00
2025-10-25 22:54:26,868 - INFO - SUCCESS APLAPOLLO: 1754.10
2025-10-25 22:54:27,155 - INFO - SUCCESS APLLTD: 938.60
2025-10-25 22:54:27,451 - INFO - SUCCESS APOLLOHOSP: 7901.50
2025-10-25 22:54:27,776 - INFO - SUCCESS APOLLOTYRE: 488.45
2025-10-25 22:54:28,069 - INFO - SUCCESS APTUS: 309.95
2025-10-25 22:54:28,371 - INFO - SUCCESS ARE&M: 994.55
2025-10-25 22:54:28,809 - INFO - SUCCESS ASAHIINDIA: 941.30
2025-10-25 22:54:29,135 - INFO - SUCCESS ASHOKLEY: 134.51
2025-10-25 22:54:29,479 - INFO - SUCCESS ASIANPAINT: 2507.80
2025-10-25 22:54:29,762 - INFO - SUCCESS ASTERDM: 702.45
2025-10-25 22:54:30,179 - INFO - SUCCESS ASTRAL: 1442.40
2025-10-25 22:54:30,502 - INFO - SUCCESS ASTRAZEN: 9178.50
2025-10-25 22:54:30,811 - INFO - SUCCESS ATGL: 619.80
2025-10-25 22:54:31,131 - INFO - SUCCESS ATUL: 5952.00
2025-10-25 22:54:31,416 - INFO - SUCCESS Nifty 50: 25709.85
2025-10-25 22:54:31,451 - INFO - Final data - Stocks: 50, Index: 1
2025-10-25 22:54:31,454 - INFO - SUCCESS: Successfully fetched data for 2025-10-17
2025-10-25 22:56:42,633 - INFO - Database tables created successfully
2025-10-25 22:56:42,636 - INFO - RS EOD Data Fetcher initialized with 499 stocks
2025-10-25 22:56:42,636 - INFO - Database path: D:\WealthAI1\wealthai-backend2\Strategies\rsStrategy\nifty500_data_with_metadata.sqlite
2025-10-25 22:56:42,638 - INFO - Fetching data for 2025-10-06 (Monday)
2025-10-25 22:56:42,641 - INFO - Existing data - Stocks: 50, Index: 1
2025-10-25 22:56:42,641 - INFO - Data already exists for 2025-10-06
2025-10-25 22:56:47,642 - INFO - Fetching data for 2025-10-07 (Tuesday)
2025-10-25 22:56:47,646 - INFO - Existing data - Stocks: 50, Index: 1
2025-10-25 22:56:47,646 - INFO - Data already exists for 2025-10-07
2025-10-25 22:56:52,648 - INFO - Fetching data for 2025-10-08 (Wednesday)
2025-10-25 22:56:52,651 - INFO - Existing data - Stocks: 50, Index: 1
2025-10-25 22:56:52,652 - INFO - Data already exists for 2025-10-08
2025-10-25 22:56:57,654 - INFO - Fetching data for 2025-10-09 (Thursday)
2025-10-25 22:56:57,657 - INFO - Existing data - Stocks: 50, Index: 1
2025-10-25 22:56:57,658 - INFO - Data already exists for 2025-10-09
2025-10-25 22:57:02,658 - INFO - Fetching data for 2025-10-10 (Friday)
2025-10-25 22:57:02,665 - INFO - Existing data - Stocks: 50, Index: 1
2025-10-25 22:57:02,665 - INFO - Data already exists for 2025-10-10
2025-10-25 22:57:07,666 - INFO - Fetching data for 2025-10-13 (Monday)
2025-10-25 22:57:07,668 - INFO - Existing data - Stocks: 50, Index: 1
2025-10-25 22:57:07,668 - INFO - Data already exists for 2025-10-13
2025-10-25 22:57:12,670 - INFO - Fetching data for 2025-10-14 (Tuesday)
2025-10-25 22:57:12,673 - INFO - Existing data - Stocks: 50, Index: 1
2025-10-25 22:57:12,673 - INFO - Data already exists for 2025-10-14
2025-10-25 22:57:17,675 - INFO - Fetching data for 2025-10-15 (Wednesday)
2025-10-25 22:57:17,678 - INFO - Existing data - Stocks: 50, Index: 1
2025-10-25 22:57:17,679 - INFO - Data already exists for 2025-10-15
2025-10-25 22:57:22,704 - INFO - Fetching data for 2025-10-16 (Thursday)
2025-10-25 22:57:22,708 - INFO - Existing data - Stocks: 50, Index: 1
2025-10-25 22:57:22,710 - INFO - Data already exists for 2025-10-16
2025-10-25 22:57:27,711 - INFO - Fetching data for 2025-10-17 (Friday)
2025-10-25 22:57:27,712 - INFO - Existing data - Stocks: 50, Index: 1
2025-10-25 22:57:27,712 - INFO - Data already exists for 2025-10-17
